<?xml version="1.0" encoding="ISO-8859-1" ?>
<link_info>
   <banner>MSP430 Linker PC v20.2.0.LTS</banner>
   <copyright>Copyright (c) 2003-2018 Texas Instruments Incorporated</copyright>
   <link_time>0x5ec402cd</link_time>
   <link_errors>0x0</link_errors>
   <output_file>RobotVRM.out</output_file>
   <entry_point>
      <name>_c_int00_noargs</name>
      <address>0x19ac</address>
   </entry_point>
   <input_file_list>
      <input_file id="fl-2">
         <path>.\</path>
         <kind>object</kind>
         <file>ADC12.obj</file>
         <name>ADC12.obj</name>
      </input_file>
      <input_file id="fl-3">
         <path>.\</path>
         <kind>object</kind>
         <file>BCM.obj</file>
         <name>BCM.obj</name>
      </input_file>
      <input_file id="fl-4">
         <path>.\</path>
         <kind>object</kind>
         <file>TMR0_A3.obj</file>
         <name>TMR0_A3.obj</name>
      </input_file>
      <input_file id="fl-5">
         <path>.\</path>
         <kind>object</kind>
         <file>TMR0_B7.obj</file>
         <name>TMR0_B7.obj</name>
      </input_file>
      <input_file id="fl-6">
         <path>.\</path>
         <kind>object</kind>
         <file>UART.obj</file>
         <name>UART.obj</name>
      </input_file>
      <input_file id="fl-7">
         <path>.\</path>
         <kind>object</kind>
         <file>WDT.obj</file>
         <name>WDT.obj</name>
      </input_file>
      <input_file id="fl-8">
         <path>.\</path>
         <kind>object</kind>
         <file>commands.obj</file>
         <name>commands.obj</name>
      </input_file>
      <input_file id="fl-9">
         <path>.\</path>
         <kind>object</kind>
         <file>hardware_TMR_149.obj</file>
         <name>hardware_TMR_149.obj</name>
      </input_file>
      <input_file id="fl-a">
         <path>.\</path>
         <kind>object</kind>
         <file>main.obj</file>
         <name>main.obj</name>
      </input_file>
      <input_file id="fl-f">
         <kind>object</kind>
         <file>&lt;internal&gt;</file>
         <name>&lt;internal&gt;</name>
      </input_file>
      <input_file id="fl-25">
         <path>C:\TexasInstruments\CCS10\ccs\tools\compiler\ti-cgt-msp430_20.2.0.LTS\lib\</path>
         <kind>archive</kind>
         <file>rts430_eabi.lib</file>
         <name>asr16.asm.obj</name>
      </input_file>
      <input_file id="fl-26">
         <path>C:\TexasInstruments\CCS10\ccs\tools\compiler\ti-cgt-msp430_20.2.0.LTS\lib\</path>
         <kind>archive</kind>
         <file>rts430_eabi.lib</file>
         <name>div32u.asm.obj</name>
      </input_file>
      <input_file id="fl-27">
         <path>C:\TexasInstruments\CCS10\ccs\tools\compiler\ti-cgt-msp430_20.2.0.LTS\lib\</path>
         <kind>archive</kind>
         <file>rts430_eabi.lib</file>
         <name>int01.asm.obj</name>
      </input_file>
      <input_file id="fl-28">
         <path>C:\TexasInstruments\CCS10\ccs\tools\compiler\ti-cgt-msp430_20.2.0.LTS\lib\</path>
         <kind>archive</kind>
         <file>rts430_eabi.lib</file>
         <name>int02.asm.obj</name>
      </input_file>
      <input_file id="fl-29">
         <path>C:\TexasInstruments\CCS10\ccs\tools\compiler\ti-cgt-msp430_20.2.0.LTS\lib\</path>
         <kind>archive</kind>
         <file>rts430_eabi.lib</file>
         <name>int04.asm.obj</name>
      </input_file>
      <input_file id="fl-2a">
         <path>C:\TexasInstruments\CCS10\ccs\tools\compiler\ti-cgt-msp430_20.2.0.LTS\lib\</path>
         <kind>archive</kind>
         <file>rts430_eabi.lib</file>
         <name>int05.asm.obj</name>
      </input_file>
      <input_file id="fl-2b">
         <path>C:\TexasInstruments\CCS10\ccs\tools\compiler\ti-cgt-msp430_20.2.0.LTS\lib\</path>
         <kind>archive</kind>
         <file>rts430_eabi.lib</file>
         <name>int06.asm.obj</name>
      </input_file>
      <input_file id="fl-2c">
         <path>C:\TexasInstruments\CCS10\ccs\tools\compiler\ti-cgt-msp430_20.2.0.LTS\lib\</path>
         <kind>archive</kind>
         <file>rts430_eabi.lib</file>
         <name>int07.asm.obj</name>
      </input_file>
      <input_file id="fl-2d">
         <path>C:\TexasInstruments\CCS10\ccs\tools\compiler\ti-cgt-msp430_20.2.0.LTS\lib\</path>
         <kind>archive</kind>
         <file>rts430_eabi.lib</file>
         <name>int08.asm.obj</name>
      </input_file>
      <input_file id="fl-2e">
         <path>C:\TexasInstruments\CCS10\ccs\tools\compiler\ti-cgt-msp430_20.2.0.LTS\lib\</path>
         <kind>archive</kind>
         <file>rts430_eabi.lib</file>
         <name>int09.asm.obj</name>
      </input_file>
      <input_file id="fl-2f">
         <path>C:\TexasInstruments\CCS10\ccs\tools\compiler\ti-cgt-msp430_20.2.0.LTS\lib\</path>
         <kind>archive</kind>
         <file>rts430_eabi.lib</file>
         <name>int11.asm.obj</name>
      </input_file>
      <input_file id="fl-30">
         <path>C:\TexasInstruments\CCS10\ccs\tools\compiler\ti-cgt-msp430_20.2.0.LTS\lib\</path>
         <kind>archive</kind>
         <file>rts430_eabi.lib</file>
         <name>int12.asm.obj</name>
      </input_file>
      <input_file id="fl-31">
         <path>C:\TexasInstruments\CCS10\ccs\tools\compiler\ti-cgt-msp430_20.2.0.LTS\lib\</path>
         <kind>archive</kind>
         <file>rts430_eabi.lib</file>
         <name>int13.asm.obj</name>
      </input_file>
      <input_file id="fl-32">
         <path>C:\TexasInstruments\CCS10\ccs\tools\compiler\ti-cgt-msp430_20.2.0.LTS\lib\</path>
         <kind>archive</kind>
         <file>rts430_eabi.lib</file>
         <name>int14.asm.obj</name>
      </input_file>
      <input_file id="fl-33">
         <path>C:\TexasInstruments\CCS10\ccs\tools\compiler\ti-cgt-msp430_20.2.0.LTS\lib\</path>
         <kind>archive</kind>
         <file>rts430_eabi.lib</file>
         <name>isr_trap.asm.obj</name>
      </input_file>
      <input_file id="fl-34">
         <path>C:\TexasInstruments\CCS10\ccs\tools\compiler\ti-cgt-msp430_20.2.0.LTS\lib\</path>
         <kind>archive</kind>
         <file>rts430_eabi.lib</file>
         <name>lsl16.asm.obj</name>
      </input_file>
      <input_file id="fl-35">
         <path>C:\TexasInstruments\CCS10\ccs\tools\compiler\ti-cgt-msp430_20.2.0.LTS\lib\</path>
         <kind>archive</kind>
         <file>rts430_eabi.lib</file>
         <name>mult16_hw.asm.obj</name>
      </input_file>
      <input_file id="fl-36">
         <path>C:\TexasInstruments\CCS10\ccs\tools\compiler\ti-cgt-msp430_20.2.0.LTS\lib\</path>
         <kind>archive</kind>
         <file>rts430_eabi.lib</file>
         <name>mult1632_hw.asm.obj</name>
      </input_file>
      <input_file id="fl-37">
         <path>C:\TexasInstruments\CCS10\ccs\tools\compiler\ti-cgt-msp430_20.2.0.LTS\lib\</path>
         <kind>archive</kind>
         <file>rts430_eabi.lib</file>
         <name>mult32.asm.obj</name>
      </input_file>
      <input_file id="fl-38">
         <path>C:\TexasInstruments\CCS10\ccs\tools\compiler\ti-cgt-msp430_20.2.0.LTS\lib\</path>
         <kind>archive</kind>
         <file>rts430_eabi.lib</file>
         <name>mult32_hw.asm.obj</name>
      </input_file>
      <input_file id="fl-39">
         <path>C:\TexasInstruments\CCS10\ccs\tools\compiler\ti-cgt-msp430_20.2.0.LTS\lib\</path>
         <kind>archive</kind>
         <file>rts430_eabi.lib</file>
         <name>mult3264_hw.asm.obj</name>
      </input_file>
      <input_file id="fl-3a">
         <path>C:\TexasInstruments\CCS10\ccs\tools\compiler\ti-cgt-msp430_20.2.0.LTS\lib\</path>
         <kind>archive</kind>
         <file>rts430_eabi.lib</file>
         <name>mult64_hw.asm.obj</name>
      </input_file>
      <input_file id="fl-3b">
         <path>C:\TexasInstruments\CCS10\ccs\tools\compiler\ti-cgt-msp430_20.2.0.LTS\lib\</path>
         <kind>archive</kind>
         <file>rts430_eabi.lib</file>
         <name>boot.c.obj</name>
      </input_file>
      <input_file id="fl-3c">
         <path>C:\TexasInstruments\CCS10\ccs\tools\compiler\ti-cgt-msp430_20.2.0.LTS\lib\</path>
         <kind>archive</kind>
         <file>rts430_eabi.lib</file>
         <name>autoinit.c.obj</name>
      </input_file>
      <input_file id="fl-3d">
         <path>C:\TexasInstruments\CCS10\ccs\tools\compiler\ti-cgt-msp430_20.2.0.LTS\lib\</path>
         <kind>archive</kind>
         <file>rts430_eabi.lib</file>
         <name>copy_zero_init.c.obj</name>
      </input_file>
      <input_file id="fl-3e">
         <path>C:\TexasInstruments\CCS10\ccs\tools\compiler\ti-cgt-msp430_20.2.0.LTS\lib\</path>
         <kind>archive</kind>
         <file>rts430_eabi.lib</file>
         <name>cpy_tbl.c.obj</name>
      </input_file>
      <input_file id="fl-3f">
         <path>C:\TexasInstruments\CCS10\ccs\tools\compiler\ti-cgt-msp430_20.2.0.LTS\lib\</path>
         <kind>archive</kind>
         <file>rts430_eabi.lib</file>
         <name>mpu_init.c.obj</name>
      </input_file>
      <input_file id="fl-40">
         <path>C:\TexasInstruments\CCS10\ccs\tools\compiler\ti-cgt-msp430_20.2.0.LTS\lib\</path>
         <kind>archive</kind>
         <file>rts430_eabi.lib</file>
         <name>pre_init.c.obj</name>
      </input_file>
      <input_file id="fl-41">
         <path>C:\TexasInstruments\CCS10\ccs\tools\compiler\ti-cgt-msp430_20.2.0.LTS\lib\</path>
         <kind>archive</kind>
         <file>rts430_eabi.lib</file>
         <name>startup.c.obj</name>
      </input_file>
      <input_file id="fl-42">
         <path>C:\TexasInstruments\CCS10\ccs\tools\compiler\ti-cgt-msp430_20.2.0.LTS\lib\</path>
         <kind>archive</kind>
         <file>rts430_eabi.lib</file>
         <name>copy_decompress_none.c.obj</name>
      </input_file>
      <input_file id="fl-43">
         <path>C:\TexasInstruments\CCS10\ccs\tools\compiler\ti-cgt-msp430_20.2.0.LTS\lib\</path>
         <kind>archive</kind>
         <file>rts430_eabi.lib</file>
         <name>copy_decompress_lzss.c.obj</name>
      </input_file>
      <input_file id="fl-44">
         <path>C:\TexasInstruments\CCS10\ccs\tools\compiler\ti-cgt-msp430_20.2.0.LTS\lib\</path>
         <kind>archive</kind>
         <file>rts430_eabi.lib</file>
         <name>exit.c.obj</name>
      </input_file>
      <input_file id="fl-45">
         <path>C:\TexasInstruments\CCS10\ccs\tools\compiler\ti-cgt-msp430_20.2.0.LTS\lib\</path>
         <kind>archive</kind>
         <file>rts430_eabi.lib</file>
         <name>_lock.c.obj</name>
      </input_file>
      <input_file id="fl-46">
         <path>C:\TexasInstruments\CCS10\ccs\tools\compiler\ti-cgt-msp430_20.2.0.LTS\lib\</path>
         <kind>archive</kind>
         <file>rts430_eabi.lib</file>
         <name>args_main.c.obj</name>
      </input_file>
      <input_file id="fl-47">
         <path>C:\TexasInstruments\CCS10\ccs\tools\compiler\ti-cgt-msp430_20.2.0.LTS\lib\</path>
         <kind>archive</kind>
         <file>rts430_eabi.lib</file>
         <name>memcpy.c.obj</name>
      </input_file>
      <input_file id="fl-48">
         <path>C:\TexasInstruments\CCS10\ccs\tools\compiler\ti-cgt-msp430_20.2.0.LTS\lib\</path>
         <kind>archive</kind>
         <file>rts430_eabi.lib</file>
         <name>epilog.asm.obj</name>
      </input_file>
      <input_file id="fl-49">
         <path>C:\TexasInstruments\CCS10\ccs\tools\compiler\ti-cgt-msp430_20.2.0.LTS\lib\</path>
         <kind>archive</kind>
         <file>rts430_eabi.lib</file>
         <name>lsr16.asm.obj</name>
      </input_file>
      <input_file id="fl-4a">
         <path>C:\TexasInstruments\CCS10\ccs\tools\compiler\ti-cgt-msp430_20.2.0.LTS\lib\</path>
         <kind>archive</kind>
         <file>rts430_eabi.lib</file>
         <name>mult16.asm.obj</name>
      </input_file>
      <input_file id="fl-4b">
         <path>C:\TexasInstruments\CCS10\ccs\tools\compiler\ti-cgt-msp430_20.2.0.LTS\lib\</path>
         <kind>archive</kind>
         <file>rts430_eabi.lib</file>
         <name>exit_gvars.c.obj</name>
      </input_file>
   </input_file_list>
   <object_component_list>
      <object_component id="oc-168">
         <name>.common:buffer</name>
         <uninitialized>true</uninitialized>
         <run_address>0x200</run_address>
         <size>0xa</size>
      </object_component>
      <object_component id="oc-165">
         <name>.common:pos</name>
         <uninitialized>true</uninitialized>
         <run_address>0x216</run_address>
         <size>0x2</size>
      </object_component>
      <object_component id="oc-16d">
         <name>.common:wdt_counter</name>
         <uninitialized>true</uninitialized>
         <run_address>0x21a</run_address>
         <size>0x2</size>
      </object_component>
      <object_component id="oc-171">
         <name>.common:sec1_counter</name>
         <uninitialized>true</uninitialized>
         <run_address>0x218</run_address>
         <size>0x2</size>
      </object_component>
      <object_component id="oc-2b3">
         <name>.common:TMR_configured</name>
         <uninitialized>true</uninitialized>
         <run_address>0x220</run_address>
         <size>0x1</size>
      </object_component>
      <object_component id="oc-2c1">
         <name>.common:TMR_active</name>
         <uninitialized>true</uninitialized>
         <run_address>0x21f</run_address>
         <size>0x1</size>
      </object_component>
      <object_component id="oc-2bf">
         <name>.common:lock_state</name>
         <uninitialized>true</uninitialized>
         <run_address>0x224</run_address>
         <size>0x1</size>
      </object_component>
      <object_component id="oc-2c0">
         <name>.common:diff_state</name>
         <uninitialized>true</uninitialized>
         <run_address>0x223</run_address>
         <size>0x1</size>
      </object_component>
      <object_component id="oc-2b4">
         <name>.common:TMR_diff_mask</name>
         <uninitialized>true</uninitialized>
         <run_address>0x221</run_address>
         <size>0x1</size>
      </object_component>
      <object_component id="oc-170">
         <name>.common:timer_tick</name>
         <uninitialized>true</uninitialized>
         <run_address>0x226</run_address>
         <size>0x1</size>
      </object_component>
      <object_component id="oc-172">
         <name>.common:sec1_tick</name>
         <uninitialized>true</uninitialized>
         <run_address>0x225</run_address>
         <size>0x1</size>
      </object_component>
      <object_component id="oc-1dd">
         <name>.common:diff_timer</name>
         <uninitialized>true</uninitialized>
         <run_address>0x214</run_address>
         <size>0x2</size>
      </object_component>
      <object_component id="oc-20e">
         <name>.common:VCC_voltage</name>
         <uninitialized>true</uninitialized>
         <run_address>0x20a</run_address>
         <size>0x2</size>
      </object_component>
      <object_component id="oc-2b6">
         <name>.common:SM1_cmd</name>
         <uninitialized>true</uninitialized>
         <run_address>0x21c</run_address>
         <size>0x1</size>
      </object_component>
      <object_component id="oc-2b7">
         <name>.common:SM2_cmd</name>
         <uninitialized>true</uninitialized>
         <run_address>0x21d</run_address>
         <size>0x1</size>
      </object_component>
      <object_component id="oc-2bd">
         <name>.common:SM3_cmd</name>
         <uninitialized>true</uninitialized>
         <run_address>0x21e</run_address>
         <size>0x1</size>
      </object_component>
      <object_component id="oc-2c3">
         <name>.common:active_cmd</name>
         <uninitialized>true</uninitialized>
         <run_address>0x222</run_address>
         <size>0x1</size>
      </object_component>
      <object_component id="oc-1da">
         <name>.common:dif12_count</name>
         <uninitialized>true</uninitialized>
         <run_address>0x20e</run_address>
         <size>0x2</size>
      </object_component>
      <object_component id="oc-1db">
         <name>.common:dif23_count</name>
         <uninitialized>true</uninitialized>
         <run_address>0x212</run_address>
         <size>0x2</size>
      </object_component>
      <object_component id="oc-1dc">
         <name>.common:dif13_count</name>
         <uninitialized>true</uninitialized>
         <run_address>0x210</run_address>
         <size>0x2</size>
      </object_component>
      <object_component id="oc-16b">
         <name>.common:command</name>
         <uninitialized>true</uninitialized>
         <run_address>0x20c</run_address>
         <size>0x2</size>
      </object_component>
      <object_component id="oc-d3">
         <name>.stack</name>
         <uninitialized>true</uninitialized>
         <run_address>0x9b0</run_address>
         <size>0x2</size>
         <input_file_ref idref="fl-3b"/>
      </object_component>
      <object_component id="oc-341">
         <name>.stack</name>
         <uninitialized>true</uninitialized>
         <run_address>0x9b0</run_address>
         <size>0x0</size>
      </object_component>
      <object_component id="oc-263">
         <name>.text:Evaluate_Active_Submodules</name>
         <load_address>0x1100</load_address>
         <run_address>0x1100</run_address>
         <size>0x204</size>
         <input_file_ref idref="fl-a"/>
      </object_component>
      <object_component id="oc-269">
         <name>.text:Exec_Submodule_CMD</name>
         <load_address>0x1304</load_address>
         <run_address>0x1304</run_address>
         <size>0x174</size>
         <input_file_ref idref="fl-a"/>
      </object_component>
      <object_component id="oc-182">
         <name>.text:main</name>
         <load_address>0x1478</load_address>
         <run_address>0x1478</run_address>
         <size>0x11c</size>
         <input_file_ref idref="fl-a"/>
      </object_component>
      <object_component id="oc-257">
         <name>.text:Get_Config_Switch</name>
         <load_address>0x1594</load_address>
         <run_address>0x1594</run_address>
         <size>0x5e</size>
         <input_file_ref idref="fl-a"/>
      </object_component>
      <object_component id="oc-27a">
         <name>.text</name>
         <load_address>0x15f2</load_address>
         <run_address>0x15f2</run_address>
         <size>0x58</size>
         <input_file_ref idref="fl-26"/>
      </object_component>
      <object_component id="oc-21c">
         <name>.text:__TI_auto_init_nobinit_nopinit:__TI_auto_init_nobinit_nopinit</name>
         <load_address>0x164a</load_address>
         <run_address>0x164a</run_address>
         <size>0x42</size>
         <input_file_ref idref="fl-3c"/>
      </object_component>
      <object_component id="oc-25d">
         <name>.text:Get_Submodule_CMD</name>
         <load_address>0x168c</load_address>
         <run_address>0x168c</run_address>
         <size>0x40</size>
         <input_file_ref idref="fl-a"/>
      </object_component>
      <object_component id="oc-1b6">
         <name>.text:Hardware_Init</name>
         <load_address>0x16cc</load_address>
         <run_address>0x16cc</run_address>
         <size>0x40</size>
         <input_file_ref idref="fl-9"/>
      </object_component>
      <object_component id="oc-103">
         <name>.text:usart1_rx</name>
         <load_address>0x170c</load_address>
         <run_address>0x170c</run_address>
         <size>0x40</size>
         <input_file_ref idref="fl-6"/>
      </object_component>
      <object_component id="oc-1ce">
         <name>.text:ADC12_Single_Init</name>
         <load_address>0x174c</load_address>
         <run_address>0x174c</run_address>
         <size>0x3c</size>
         <input_file_ref idref="fl-2"/>
      </object_component>
      <object_component id="oc-1d4">
         <name>.text:UART_Init</name>
         <load_address>0x1788</load_address>
         <run_address>0x1788</run_address>
         <size>0x38</size>
         <input_file_ref idref="fl-6"/>
      </object_component>
      <object_component id="oc-208">
         <name>.text:ADC12_Single_Convert</name>
         <load_address>0x17c0</load_address>
         <run_address>0x17c0</run_address>
         <size>0x2e</size>
         <input_file_ref idref="fl-2"/>
      </object_component>
      <object_component id="oc-275">
         <name>.text</name>
         <load_address>0x17ee</load_address>
         <run_address>0x17ee</run_address>
         <size>0x2e</size>
         <input_file_ref idref="fl-38"/>
      </object_component>
      <object_component id="oc-2b8">
         <name>.text</name>
         <load_address>0x181c</load_address>
         <run_address>0x181c</run_address>
         <size>0x2c</size>
         <input_file_ref idref="fl-25"/>
      </object_component>
      <object_component id="oc-d7">
         <name>.text</name>
         <load_address>0x1848</load_address>
         <run_address>0x1848</run_address>
         <size>0x2c</size>
         <input_file_ref idref="fl-34"/>
      </object_component>
      <object_component id="oc-1b0">
         <name>.text:BCM_Init</name>
         <load_address>0x1874</load_address>
         <run_address>0x1874</run_address>
         <size>0x28</size>
         <input_file_ref idref="fl-3"/>
      </object_component>
      <object_component id="oc-1fc">
         <name>.text:back</name>
         <load_address>0x189c</load_address>
         <run_address>0x189c</run_address>
         <size>0x24</size>
         <input_file_ref idref="fl-8"/>
      </object_component>
      <object_component id="oc-202">
         <name>.text:forward</name>
         <load_address>0x18c0</load_address>
         <run_address>0x18c0</run_address>
         <size>0x24</size>
         <input_file_ref idref="fl-8"/>
      </object_component>
      <object_component id="oc-1ea">
         <name>.text:left</name>
         <load_address>0x18e4</load_address>
         <run_address>0x18e4</run_address>
         <size>0x24</size>
         <input_file_ref idref="fl-8"/>
      </object_component>
      <object_component id="oc-1f0">
         <name>.text:right</name>
         <load_address>0x1908</load_address>
         <run_address>0x1908</run_address>
         <size>0x24</size>
         <input_file_ref idref="fl-8"/>
      </object_component>
      <object_component id="oc-1c2">
         <name>.text:TMR0_B7_PWM_Init</name>
         <load_address>0x192c</load_address>
         <run_address>0x192c</run_address>
         <size>0x22</size>
         <input_file_ref idref="fl-5"/>
      </object_component>
      <object_component id="oc-1de">
         <name>.text:dance</name>
         <load_address>0x194e</load_address>
         <run_address>0x194e</run_address>
         <size>0x22</size>
         <input_file_ref idref="fl-8"/>
      </object_component>
      <object_component id="oc-109">
         <name>.text:WDT_ISR</name>
         <load_address>0x1970</load_address>
         <run_address>0x1970</run_address>
         <size>0x1e</size>
         <input_file_ref idref="fl-7"/>
      </object_component>
      <object_component id="oc-1e4">
         <name>.text:follow</name>
         <load_address>0x198e</load_address>
         <run_address>0x198e</run_address>
         <size>0x1e</size>
         <input_file_ref idref="fl-8"/>
      </object_component>
      <object_component id="oc-121">
         <name>.text:_c_int00_noargs</name>
         <load_address>0x19ac</load_address>
         <run_address>0x19ac</run_address>
         <size>0x1c</size>
         <input_file_ref idref="fl-3b"/>
      </object_component>
      <object_component id="oc-1c8">
         <name>.text:WDT_Set_Timer</name>
         <load_address>0x19c8</load_address>
         <run_address>0x19c8</run_address>
         <size>0x18</size>
         <input_file_ref idref="fl-7"/>
      </object_component>
      <object_component id="oc-1bc">
         <name>.text:Motor_Init</name>
         <load_address>0x19e0</load_address>
         <run_address>0x19e0</run_address>
         <size>0x14</size>
         <input_file_ref idref="fl-9"/>
      </object_component>
      <object_component id="oc-10f">
         <name>.text:decompress:ZI:__TI_zero_init_nomemset:__TI_zero_init_nomemset</name>
         <load_address>0x19f4</load_address>
         <run_address>0x19f4</run_address>
         <size>0x14</size>
         <input_file_ref idref="fl-3d"/>
      </object_component>
      <object_component id="oc-e1">
         <name>.text</name>
         <load_address>0x1a08</load_address>
         <run_address>0x1a08</run_address>
         <size>0x10</size>
         <input_file_ref idref="fl-48"/>
      </object_component>
      <object_component id="oc-1f6">
         <name>.text:stop</name>
         <load_address>0x1a18</load_address>
         <run_address>0x1a18</run_address>
         <size>0xe</size>
         <input_file_ref idref="fl-8"/>
      </object_component>
      <object_component id="oc-fe">
         <name>.text:_isr:__TI_ISR_TRAP</name>
         <load_address>0x1a26</load_address>
         <run_address>0x1a26</run_address>
         <size>0x8</size>
         <input_file_ref idref="fl-33"/>
      </object_component>
      <object_component id="oc-210">
         <name>.text:abort</name>
         <load_address>0x1a2e</load_address>
         <run_address>0x1a2e</run_address>
         <size>0x6</size>
         <input_file_ref idref="fl-44"/>
      </object_component>
      <object_component id="oc-17c">
         <name>.text:_system_pre_init</name>
         <load_address>0x1a34</load_address>
         <run_address>0x1a34</run_address>
         <size>0x4</size>
         <input_file_ref idref="fl-40"/>
      </object_component>
      <object_component id="oc-292">
         <name>.text:_system_post_cinit</name>
         <load_address>0x1a38</load_address>
         <run_address>0x1a38</run_address>
         <size>0x2</size>
         <input_file_ref idref="fl-41"/>
      </object_component>
      <object_component id="oc-340">
         <name>.cinit..bss.load</name>
         <load_address>0x1a3a</load_address>
         <run_address>0x1a3a</run_address>
         <size>0x4</size>
      </object_component>
      <object_component id="oc-33e">
         <name>__TI_handler_table</name>
         <load_address>0x1a3e</load_address>
         <run_address>0x1a3e</run_address>
         <size>0x2</size>
      </object_component>
      <object_component id="oc-33f">
         <name>__TI_cinit_table</name>
         <load_address>0x1a40</load_address>
         <run_address>0x1a40</run_address>
         <size>0x4</size>
      </object_component>
      <object_component id="oc-303">
         <name>.binit</name>
         <load_address>0x1100</load_address>
         <run_address>0x1100</run_address>
         <size>0x0</size>
      </object_component>
      <object_component id="oc-3e">
         <name>.int01</name>
         <load_address>0xffe2</load_address>
         <run_address>0xffe2</run_address>
         <size>0x2</size>
         <input_file_ref idref="fl-27"/>
      </object_component>
      <object_component id="oc-3f">
         <name>.int02</name>
         <load_address>0xffe4</load_address>
         <run_address>0xffe4</run_address>
         <size>0x2</size>
         <input_file_ref idref="fl-28"/>
      </object_component>
      <object_component id="oc-40">
         <name>.int03</name>
         <load_address>0xffe6</load_address>
         <run_address>0xffe6</run_address>
         <size>0x2</size>
         <input_file_ref idref="fl-6"/>
      </object_component>
      <object_component id="oc-41">
         <name>.int04</name>
         <load_address>0xffe8</load_address>
         <run_address>0xffe8</run_address>
         <size>0x2</size>
         <input_file_ref idref="fl-29"/>
      </object_component>
      <object_component id="oc-42">
         <name>.int05</name>
         <load_address>0xffea</load_address>
         <run_address>0xffea</run_address>
         <size>0x2</size>
         <input_file_ref idref="fl-2a"/>
      </object_component>
      <object_component id="oc-43">
         <name>.int06</name>
         <load_address>0xffec</load_address>
         <run_address>0xffec</run_address>
         <size>0x2</size>
         <input_file_ref idref="fl-2b"/>
      </object_component>
      <object_component id="oc-44">
         <name>.int07</name>
         <load_address>0xffee</load_address>
         <run_address>0xffee</run_address>
         <size>0x2</size>
         <input_file_ref idref="fl-2c"/>
      </object_component>
      <object_component id="oc-45">
         <name>.int08</name>
         <load_address>0xfff0</load_address>
         <run_address>0xfff0</run_address>
         <size>0x2</size>
         <input_file_ref idref="fl-2d"/>
      </object_component>
      <object_component id="oc-46">
         <name>.int09</name>
         <load_address>0xfff2</load_address>
         <run_address>0xfff2</run_address>
         <size>0x2</size>
         <input_file_ref idref="fl-2e"/>
      </object_component>
      <object_component id="oc-47">
         <name>.int10</name>
         <load_address>0xfff4</load_address>
         <run_address>0xfff4</run_address>
         <size>0x2</size>
         <input_file_ref idref="fl-7"/>
      </object_component>
      <object_component id="oc-48">
         <name>.int11</name>
         <load_address>0xfff6</load_address>
         <run_address>0xfff6</run_address>
         <size>0x2</size>
         <input_file_ref idref="fl-2f"/>
      </object_component>
      <object_component id="oc-49">
         <name>.int12</name>
         <load_address>0xfff8</load_address>
         <run_address>0xfff8</run_address>
         <size>0x2</size>
         <input_file_ref idref="fl-30"/>
      </object_component>
      <object_component id="oc-4a">
         <name>.int13</name>
         <load_address>0xfffa</load_address>
         <run_address>0xfffa</run_address>
         <size>0x2</size>
         <input_file_ref idref="fl-31"/>
      </object_component>
      <object_component id="oc-4b">
         <name>.int14</name>
         <load_address>0xfffc</load_address>
         <run_address>0xfffc</run_address>
         <size>0x2</size>
         <input_file_ref idref="fl-32"/>
      </object_component>
      <object_component id="oc-d6">
         <name>.reset</name>
         <load_address>0xfffe</load_address>
         <run_address>0xfffe</run_address>
         <size>0x2</size>
         <input_file_ref idref="fl-3b"/>
      </object_component>
      <object_component id="oc-1cf">
         <name>.debug_info</name>
         <load_address>0x0</load_address>
         <run_address>0x0</run_address>
         <size>0x1c6</size>
         <input_file_ref idref="fl-2"/>
      </object_component>
      <object_component id="oc-209">
         <name>.debug_info</name>
         <load_address>0x1c6</load_address>
         <run_address>0x1c6</run_address>
         <size>0x1a3</size>
         <input_file_ref idref="fl-2"/>
      </object_component>
      <object_component id="oc-ec">
         <name>.debug_info</name>
         <load_address>0x369</load_address>
         <run_address>0x369</run_address>
         <size>0x84</size>
         <input_file_ref idref="fl-2"/>
      </object_component>
      <object_component id="oc-1b3">
         <name>.debug_info</name>
         <load_address>0x3ed</load_address>
         <run_address>0x3ed</run_address>
         <size>0x158</size>
         <input_file_ref idref="fl-3"/>
      </object_component>
      <object_component id="oc-1c3">
         <name>.debug_info</name>
         <load_address>0x545</load_address>
         <run_address>0x545</run_address>
         <size>0x174</size>
         <input_file_ref idref="fl-5"/>
      </object_component>
      <object_component id="oc-166">
         <name>.debug_info</name>
         <load_address>0x6b9</load_address>
         <run_address>0x6b9</run_address>
         <size>0x289</size>
         <input_file_ref idref="fl-6"/>
      </object_component>
      <object_component id="oc-107">
         <name>.debug_info</name>
         <load_address>0x942</load_address>
         <run_address>0x942</run_address>
         <size>0xf5</size>
         <input_file_ref idref="fl-6"/>
      </object_component>
      <object_component id="oc-1d8">
         <name>.debug_info</name>
         <load_address>0xa37</load_address>
         <run_address>0xa37</run_address>
         <size>0xf4</size>
         <input_file_ref idref="fl-6"/>
      </object_component>
      <object_component id="oc-16e">
         <name>.debug_info</name>
         <load_address>0xb2b</load_address>
         <run_address>0xb2b</run_address>
         <size>0x23f</size>
         <input_file_ref idref="fl-7"/>
      </object_component>
      <object_component id="oc-1ca">
         <name>.debug_info</name>
         <load_address>0xd6a</load_address>
         <run_address>0xd6a</run_address>
         <size>0x162</size>
         <input_file_ref idref="fl-7"/>
      </object_component>
      <object_component id="oc-10a">
         <name>.debug_info</name>
         <load_address>0xecc</load_address>
         <run_address>0xecc</run_address>
         <size>0x157</size>
         <input_file_ref idref="fl-7"/>
      </object_component>
      <object_component id="oc-1f7">
         <name>.debug_info</name>
         <load_address>0x1023</load_address>
         <run_address>0x1023</run_address>
         <size>0xf6</size>
         <input_file_ref idref="fl-8"/>
      </object_component>
      <object_component id="oc-1f2">
         <name>.debug_info</name>
         <load_address>0x1119</load_address>
         <run_address>0x1119</run_address>
         <size>0xf8</size>
         <input_file_ref idref="fl-8"/>
      </object_component>
      <object_component id="oc-1ed">
         <name>.debug_info</name>
         <load_address>0x1211</load_address>
         <run_address>0x1211</run_address>
         <size>0xf6</size>
         <input_file_ref idref="fl-8"/>
      </object_component>
      <object_component id="oc-203">
         <name>.debug_info</name>
         <load_address>0x1307</load_address>
         <run_address>0x1307</run_address>
         <size>0xfc</size>
         <input_file_ref idref="fl-8"/>
      </object_component>
      <object_component id="oc-1e7">
         <name>.debug_info</name>
         <load_address>0x1403</load_address>
         <run_address>0x1403</run_address>
         <size>0x164</size>
         <input_file_ref idref="fl-8"/>
      </object_component>
      <object_component id="oc-1fe">
         <name>.debug_info</name>
         <load_address>0x1567</load_address>
         <run_address>0x1567</run_address>
         <size>0xf6</size>
         <input_file_ref idref="fl-8"/>
      </object_component>
      <object_component id="oc-1e0">
         <name>.debug_info</name>
         <load_address>0x165d</load_address>
         <run_address>0x165d</run_address>
         <size>0x134</size>
         <input_file_ref idref="fl-8"/>
      </object_component>
      <object_component id="oc-1bd">
         <name>.debug_info</name>
         <load_address>0x1791</load_address>
         <run_address>0x1791</run_address>
         <size>0x11a</size>
         <input_file_ref idref="fl-9"/>
      </object_component>
      <object_component id="oc-1b7">
         <name>.debug_info</name>
         <load_address>0x18ab</load_address>
         <run_address>0x18ab</run_address>
         <size>0x120</size>
         <input_file_ref idref="fl-9"/>
      </object_component>
      <object_component id="oc-169">
         <name>.debug_info</name>
         <load_address>0x19cb</load_address>
         <run_address>0x19cb</run_address>
         <size>0x702</size>
         <input_file_ref idref="fl-a"/>
      </object_component>
      <object_component id="oc-183">
         <name>.debug_info</name>
         <load_address>0x20cd</load_address>
         <run_address>0x20cd</run_address>
         <size>0x1f1</size>
         <input_file_ref idref="fl-a"/>
      </object_component>
      <object_component id="oc-25e">
         <name>.debug_info</name>
         <load_address>0x22be</load_address>
         <run_address>0x22be</run_address>
         <size>0x11a</size>
         <input_file_ref idref="fl-a"/>
      </object_component>
      <object_component id="oc-258">
         <name>.debug_info</name>
         <load_address>0x23d8</load_address>
         <run_address>0x23d8</run_address>
         <size>0x104</size>
         <input_file_ref idref="fl-a"/>
      </object_component>
      <object_component id="oc-26a">
         <name>.debug_info</name>
         <load_address>0x24dc</load_address>
         <run_address>0x24dc</run_address>
         <size>0x109</size>
         <input_file_ref idref="fl-a"/>
      </object_component>
      <object_component id="oc-264">
         <name>.debug_info</name>
         <load_address>0x25e5</load_address>
         <run_address>0x25e5</run_address>
         <size>0x117</size>
         <input_file_ref idref="fl-a"/>
      </object_component>
      <object_component id="oc-2ba">
         <name>.debug_info</name>
         <load_address>0x26fc</load_address>
         <run_address>0x26fc</run_address>
         <size>0x120</size>
         <input_file_ref idref="fl-25"/>
      </object_component>
      <object_component id="oc-27c">
         <name>.debug_info</name>
         <load_address>0x281c</load_address>
         <run_address>0x281c</run_address>
         <size>0x123</size>
         <input_file_ref idref="fl-26"/>
      </object_component>
      <object_component id="oc-ff">
         <name>.debug_info</name>
         <load_address>0x293f</load_address>
         <run_address>0x293f</run_address>
         <size>0x10f</size>
         <input_file_ref idref="fl-33"/>
      </object_component>
      <object_component id="oc-d8">
         <name>.debug_info</name>
         <load_address>0x2a4e</load_address>
         <run_address>0x2a4e</run_address>
         <size>0x120</size>
         <input_file_ref idref="fl-34"/>
      </object_component>
      <object_component id="oc-276">
         <name>.debug_info</name>
         <load_address>0x2b6e</load_address>
         <run_address>0x2b6e</run_address>
         <size>0x11f</size>
         <input_file_ref idref="fl-38"/>
      </object_component>
      <object_component id="oc-d4">
         <name>.debug_info</name>
         <load_address>0x2c8d</load_address>
         <run_address>0x2c8d</run_address>
         <size>0x100</size>
         <input_file_ref idref="fl-3b"/>
      </object_component>
      <object_component id="oc-125">
         <name>.debug_info</name>
         <load_address>0x2d8d</load_address>
         <run_address>0x2d8d</run_address>
         <size>0x17a</size>
         <input_file_ref idref="fl-3b"/>
      </object_component>
      <object_component id="oc-299">
         <name>.debug_info</name>
         <load_address>0x2f07</load_address>
         <run_address>0x2f07</run_address>
         <size>0x3de</size>
         <input_file_ref idref="fl-3c"/>
      </object_component>
      <object_component id="oc-220">
         <name>.debug_info</name>
         <load_address>0x32e5</load_address>
         <run_address>0x32e5</run_address>
         <size>0x1e0</size>
         <input_file_ref idref="fl-3c"/>
      </object_component>
      <object_component id="oc-2de">
         <name>.debug_info</name>
         <load_address>0x34c5</load_address>
         <run_address>0x34c5</run_address>
         <size>0x39</size>
         <input_file_ref idref="fl-3c"/>
      </object_component>
      <object_component id="oc-2ef">
         <name>.debug_info</name>
         <load_address>0x34fe</load_address>
         <run_address>0x34fe</run_address>
         <size>0x2c</size>
         <input_file_ref idref="fl-3c"/>
      </object_component>
      <object_component id="oc-2a4">
         <name>.debug_info</name>
         <load_address>0x352a</load_address>
         <run_address>0x352a</run_address>
         <size>0x2c</size>
         <input_file_ref idref="fl-3c"/>
      </object_component>
      <object_component id="oc-2e3">
         <name>.debug_info</name>
         <load_address>0x3556</load_address>
         <run_address>0x3556</run_address>
         <size>0xcd</size>
         <input_file_ref idref="fl-3c"/>
      </object_component>
      <object_component id="oc-17a">
         <name>.debug_info</name>
         <load_address>0x3623</load_address>
         <run_address>0x3623</run_address>
         <size>0x175</size>
         <input_file_ref idref="fl-3d"/>
      </object_component>
      <object_component id="oc-110">
         <name>.debug_info</name>
         <load_address>0x3798</load_address>
         <run_address>0x3798</run_address>
         <size>0x1d2</size>
         <input_file_ref idref="fl-3d"/>
      </object_component>
      <object_component id="oc-175">
         <name>.debug_info</name>
         <load_address>0x396a</load_address>
         <run_address>0x396a</run_address>
         <size>0x46</size>
         <input_file_ref idref="fl-3d"/>
      </object_component>
      <object_component id="oc-158">
         <name>.debug_info</name>
         <load_address>0x39b0</load_address>
         <run_address>0x39b0</run_address>
         <size>0x2c</size>
         <input_file_ref idref="fl-3d"/>
      </object_component>
      <object_component id="oc-180">
         <name>.debug_info</name>
         <load_address>0x39dc</load_address>
         <run_address>0x39dc</run_address>
         <size>0x153</size>
         <input_file_ref idref="fl-40"/>
      </object_component>
      <object_component id="oc-294">
         <name>.debug_info</name>
         <load_address>0x3b2f</load_address>
         <run_address>0x3b2f</run_address>
         <size>0x150</size>
         <input_file_ref idref="fl-41"/>
      </object_component>
      <object_component id="oc-211">
         <name>.debug_info</name>
         <load_address>0x3c7f</load_address>
         <run_address>0x3c7f</run_address>
         <size>0x122</size>
         <input_file_ref idref="fl-44"/>
      </object_component>
      <object_component id="oc-e3">
         <name>.debug_info</name>
         <load_address>0x3da1</load_address>
         <run_address>0x3da1</run_address>
         <size>0x12e</size>
         <input_file_ref idref="fl-48"/>
      </object_component>
      <object_component id="oc-342">
         <name>.debug_info</name>
         <load_address>0x3ecf</load_address>
         <run_address>0x3ecf</run_address>
         <size>0x97</size>
      </object_component>
      <object_component id="oc-1d2">
         <name>.debug_line</name>
         <load_address>0x0</load_address>
         <run_address>0x0</run_address>
         <size>0x6a</size>
         <input_file_ref idref="fl-2"/>
      </object_component>
      <object_component id="oc-20d">
         <name>.debug_line</name>
         <load_address>0x6a</load_address>
         <run_address>0x6a</run_address>
         <size>0x6f</size>
         <input_file_ref idref="fl-2"/>
      </object_component>
      <object_component id="oc-ef">
         <name>.debug_line</name>
         <load_address>0xd9</load_address>
         <run_address>0xd9</run_address>
         <size>0x20</size>
         <input_file_ref idref="fl-2"/>
      </object_component>
      <object_component id="oc-1b2">
         <name>.debug_line</name>
         <load_address>0xf9</load_address>
         <run_address>0xf9</run_address>
         <size>0x68</size>
         <input_file_ref idref="fl-3"/>
      </object_component>
      <object_component id="oc-1c6">
         <name>.debug_line</name>
         <load_address>0x161</load_address>
         <run_address>0x161</run_address>
         <size>0x6b</size>
         <input_file_ref idref="fl-5"/>
      </object_component>
      <object_component id="oc-1a8">
         <name>.debug_line</name>
         <load_address>0x1cc</load_address>
         <run_address>0x1cc</run_address>
         <size>0x80</size>
         <input_file_ref idref="fl-6"/>
      </object_component>
      <object_component id="oc-106">
         <name>.debug_line</name>
         <load_address>0x24c</load_address>
         <run_address>0x24c</run_address>
         <size>0x4f</size>
         <input_file_ref idref="fl-6"/>
      </object_component>
      <object_component id="oc-1d7">
         <name>.debug_line</name>
         <load_address>0x29b</load_address>
         <run_address>0x29b</run_address>
         <size>0x49</size>
         <input_file_ref idref="fl-6"/>
      </object_component>
      <object_component id="oc-1ac">
         <name>.debug_line</name>
         <load_address>0x2e4</load_address>
         <run_address>0x2e4</run_address>
         <size>0x95</size>
         <input_file_ref idref="fl-7"/>
      </object_component>
      <object_component id="oc-1cd">
         <name>.debug_line</name>
         <load_address>0x379</load_address>
         <run_address>0x379</run_address>
         <size>0x66</size>
         <input_file_ref idref="fl-7"/>
      </object_component>
      <object_component id="oc-10e">
         <name>.debug_line</name>
         <load_address>0x3df</load_address>
         <run_address>0x3df</run_address>
         <size>0x6a</size>
         <input_file_ref idref="fl-7"/>
      </object_component>
      <object_component id="oc-1fa">
         <name>.debug_line</name>
         <load_address>0x449</load_address>
         <run_address>0x449</run_address>
         <size>0x45</size>
         <input_file_ref idref="fl-8"/>
      </object_component>
      <object_component id="oc-1f1">
         <name>.debug_line</name>
         <load_address>0x48e</load_address>
         <run_address>0x48e</run_address>
         <size>0x47</size>
         <input_file_ref idref="fl-8"/>
      </object_component>
      <object_component id="oc-1ef">
         <name>.debug_line</name>
         <load_address>0x4d5</load_address>
         <run_address>0x4d5</run_address>
         <size>0x49</size>
         <input_file_ref idref="fl-8"/>
      </object_component>
      <object_component id="oc-207">
         <name>.debug_line</name>
         <load_address>0x51e</load_address>
         <run_address>0x51e</run_address>
         <size>0x47</size>
         <input_file_ref idref="fl-8"/>
      </object_component>
      <object_component id="oc-1e9">
         <name>.debug_line</name>
         <load_address>0x565</load_address>
         <run_address>0x565</run_address>
         <size>0x49</size>
         <input_file_ref idref="fl-8"/>
      </object_component>
      <object_component id="oc-200">
         <name>.debug_line</name>
         <load_address>0x5ae</load_address>
         <run_address>0x5ae</run_address>
         <size>0x47</size>
         <input_file_ref idref="fl-8"/>
      </object_component>
      <object_component id="oc-1e2">
         <name>.debug_line</name>
         <load_address>0x5f5</load_address>
         <run_address>0x5f5</run_address>
         <size>0x4d</size>
         <input_file_ref idref="fl-8"/>
      </object_component>
      <object_component id="oc-1c1">
         <name>.debug_line</name>
         <load_address>0x642</load_address>
         <run_address>0x642</run_address>
         <size>0x4e</size>
         <input_file_ref idref="fl-9"/>
      </object_component>
      <object_component id="oc-1bb">
         <name>.debug_line</name>
         <load_address>0x690</load_address>
         <run_address>0x690</run_address>
         <size>0x56</size>
         <input_file_ref idref="fl-9"/>
      </object_component>
      <object_component id="oc-1aa">
         <name>.debug_line</name>
         <load_address>0x6e6</load_address>
         <run_address>0x6e6</run_address>
         <size>0x179</size>
         <input_file_ref idref="fl-a"/>
      </object_component>
      <object_component id="oc-187">
         <name>.debug_line</name>
         <load_address>0x85f</load_address>
         <run_address>0x85f</run_address>
         <size>0xc1</size>
         <input_file_ref idref="fl-a"/>
      </object_component>
      <object_component id="oc-261">
         <name>.debug_line</name>
         <load_address>0x920</load_address>
         <run_address>0x920</run_address>
         <size>0x4c</size>
         <input_file_ref idref="fl-a"/>
      </object_component>
      <object_component id="oc-25b">
         <name>.debug_line</name>
         <load_address>0x96c</load_address>
         <run_address>0x96c</run_address>
         <size>0x55</size>
         <input_file_ref idref="fl-a"/>
      </object_component>
      <object_component id="oc-26e">
         <name>.debug_line</name>
         <load_address>0x9c1</load_address>
         <run_address>0x9c1</run_address>
         <size>0xaa</size>
         <input_file_ref idref="fl-a"/>
      </object_component>
      <object_component id="oc-268">
         <name>.debug_line</name>
         <load_address>0xa6b</load_address>
         <run_address>0xa6b</run_address>
         <size>0xf8</size>
         <input_file_ref idref="fl-a"/>
      </object_component>
      <object_component id="oc-2b9">
         <name>.debug_line</name>
         <load_address>0xb63</load_address>
         <run_address>0xb63</run_address>
         <size>0x4e</size>
         <input_file_ref idref="fl-25"/>
      </object_component>
      <object_component id="oc-27e">
         <name>.debug_line</name>
         <load_address>0xbb1</load_address>
         <run_address>0xbb1</run_address>
         <size>0x64</size>
         <input_file_ref idref="fl-26"/>
      </object_component>
      <object_component id="oc-102">
         <name>.debug_line</name>
         <load_address>0xc15</load_address>
         <run_address>0xc15</run_address>
         <size>0x3d</size>
         <input_file_ref idref="fl-33"/>
      </object_component>
      <object_component id="oc-db">
         <name>.debug_line</name>
         <load_address>0xc52</load_address>
         <run_address>0xc52</run_address>
         <size>0x4e</size>
         <input_file_ref idref="fl-34"/>
      </object_component>
      <object_component id="oc-279">
         <name>.debug_line</name>
         <load_address>0xca0</load_address>
         <run_address>0xca0</run_address>
         <size>0x4b</size>
         <input_file_ref idref="fl-38"/>
      </object_component>
      <object_component id="oc-14c">
         <name>.debug_line</name>
         <load_address>0xceb</load_address>
         <run_address>0xceb</run_address>
         <size>0x2a</size>
         <input_file_ref idref="fl-3b"/>
      </object_component>
      <object_component id="oc-123">
         <name>.debug_line</name>
         <load_address>0xd15</load_address>
         <run_address>0xd15</run_address>
         <size>0x46</size>
         <input_file_ref idref="fl-3b"/>
      </object_component>
      <object_component id="oc-2dd">
         <name>.debug_line</name>
         <load_address>0xd5b</load_address>
         <run_address>0xd5b</run_address>
         <size>0xbf</size>
         <input_file_ref idref="fl-3c"/>
      </object_component>
      <object_component id="oc-21e">
         <name>.debug_line</name>
         <load_address>0xe1a</load_address>
         <run_address>0xe1a</run_address>
         <size>0x73</size>
         <input_file_ref idref="fl-3c"/>
      </object_component>
      <object_component id="oc-2e1">
         <name>.debug_line</name>
         <load_address>0xe8d</load_address>
         <run_address>0xe8d</run_address>
         <size>0x2e</size>
         <input_file_ref idref="fl-3c"/>
      </object_component>
      <object_component id="oc-2f2">
         <name>.debug_line</name>
         <load_address>0xebb</load_address>
         <run_address>0xebb</run_address>
         <size>0x9a</size>
         <input_file_ref idref="fl-3c"/>
      </object_component>
      <object_component id="oc-2a7">
         <name>.debug_line</name>
         <load_address>0xf55</load_address>
         <run_address>0xf55</run_address>
         <size>0x97</size>
         <input_file_ref idref="fl-3c"/>
      </object_component>
      <object_component id="oc-2e6">
         <name>.debug_line</name>
         <load_address>0xfec</load_address>
         <run_address>0xfec</run_address>
         <size>0x93</size>
         <input_file_ref idref="fl-3c"/>
      </object_component>
      <object_component id="oc-1ae">
         <name>.debug_line</name>
         <load_address>0x107f</load_address>
         <run_address>0x107f</run_address>
         <size>0x20</size>
         <input_file_ref idref="fl-3d"/>
      </object_component>
      <object_component id="oc-113">
         <name>.debug_line</name>
         <load_address>0x109f</load_address>
         <run_address>0x109f</run_address>
         <size>0x4f</size>
         <input_file_ref idref="fl-3d"/>
      </object_component>
      <object_component id="oc-178">
         <name>.debug_line</name>
         <load_address>0x10ee</load_address>
         <run_address>0x10ee</run_address>
         <size>0x34</size>
         <input_file_ref idref="fl-3d"/>
      </object_component>
      <object_component id="oc-15b">
         <name>.debug_line</name>
         <load_address>0x1122</load_address>
         <run_address>0x1122</run_address>
         <size>0x92</size>
         <input_file_ref idref="fl-3d"/>
      </object_component>
      <object_component id="oc-17f">
         <name>.debug_line</name>
         <load_address>0x11b4</load_address>
         <run_address>0x11b4</run_address>
         <size>0x3e</size>
         <input_file_ref idref="fl-40"/>
      </object_component>
      <object_component id="oc-297">
         <name>.debug_line</name>
         <load_address>0x11f2</load_address>
         <run_address>0x11f2</run_address>
         <size>0x3a</size>
         <input_file_ref idref="fl-41"/>
      </object_component>
      <object_component id="oc-214">
         <name>.debug_line</name>
         <load_address>0x122c</load_address>
         <run_address>0x122c</run_address>
         <size>0x3d</size>
         <input_file_ref idref="fl-44"/>
      </object_component>
      <object_component id="oc-e5">
         <name>.debug_line</name>
         <load_address>0x1269</load_address>
         <run_address>0x1269</run_address>
         <size>0x40</size>
         <input_file_ref idref="fl-48"/>
      </object_component>
      <object_component id="oc-1d3">
         <name>.debug_frame</name>
         <load_address>0x0</load_address>
         <run_address>0x0</run_address>
         <size>0x3c</size>
         <input_file_ref idref="fl-2"/>
      </object_component>
      <object_component id="oc-20c">
         <name>.debug_frame</name>
         <load_address>0x3c</load_address>
         <run_address>0x3c</run_address>
         <size>0x3c</size>
         <input_file_ref idref="fl-2"/>
      </object_component>
      <object_component id="oc-1b1">
         <name>.debug_frame</name>
         <load_address>0x78</load_address>
         <run_address>0x78</run_address>
         <size>0x3c</size>
         <input_file_ref idref="fl-3"/>
      </object_component>
      <object_component id="oc-1c7">
         <name>.debug_frame</name>
         <load_address>0xb4</load_address>
         <run_address>0xb4</run_address>
         <size>0x3c</size>
         <input_file_ref idref="fl-5"/>
      </object_component>
      <object_component id="oc-105">
         <name>.debug_frame</name>
         <load_address>0xf0</load_address>
         <run_address>0xf0</run_address>
         <size>0x4c</size>
         <input_file_ref idref="fl-6"/>
      </object_component>
      <object_component id="oc-1d6">
         <name>.debug_frame</name>
         <load_address>0x13c</load_address>
         <run_address>0x13c</run_address>
         <size>0x3c</size>
         <input_file_ref idref="fl-6"/>
      </object_component>
      <object_component id="oc-1c9">
         <name>.debug_frame</name>
         <load_address>0x178</load_address>
         <run_address>0x178</run_address>
         <size>0x3c</size>
         <input_file_ref idref="fl-7"/>
      </object_component>
      <object_component id="oc-10d">
         <name>.debug_frame</name>
         <load_address>0x1b4</load_address>
         <run_address>0x1b4</run_address>
         <size>0x3c</size>
         <input_file_ref idref="fl-7"/>
      </object_component>
      <object_component id="oc-1fb">
         <name>.debug_frame</name>
         <load_address>0x1f0</load_address>
         <run_address>0x1f0</run_address>
         <size>0x3c</size>
         <input_file_ref idref="fl-8"/>
      </object_component>
      <object_component id="oc-1f5">
         <name>.debug_frame</name>
         <load_address>0x22c</load_address>
         <run_address>0x22c</run_address>
         <size>0x3c</size>
         <input_file_ref idref="fl-8"/>
      </object_component>
      <object_component id="oc-1ec">
         <name>.debug_frame</name>
         <load_address>0x268</load_address>
         <run_address>0x268</run_address>
         <size>0x3c</size>
         <input_file_ref idref="fl-8"/>
      </object_component>
      <object_component id="oc-206">
         <name>.debug_frame</name>
         <load_address>0x2a4</load_address>
         <run_address>0x2a4</run_address>
         <size>0x3c</size>
         <input_file_ref idref="fl-8"/>
      </object_component>
      <object_component id="oc-1e5">
         <name>.debug_frame</name>
         <load_address>0x2e0</load_address>
         <run_address>0x2e0</run_address>
         <size>0x3c</size>
         <input_file_ref idref="fl-8"/>
      </object_component>
      <object_component id="oc-201">
         <name>.debug_frame</name>
         <load_address>0x31c</load_address>
         <run_address>0x31c</run_address>
         <size>0x3c</size>
         <input_file_ref idref="fl-8"/>
      </object_component>
      <object_component id="oc-1e3">
         <name>.debug_frame</name>
         <load_address>0x358</load_address>
         <run_address>0x358</run_address>
         <size>0x3c</size>
         <input_file_ref idref="fl-8"/>
      </object_component>
      <object_component id="oc-1c0">
         <name>.debug_frame</name>
         <load_address>0x394</load_address>
         <run_address>0x394</run_address>
         <size>0x3c</size>
         <input_file_ref idref="fl-9"/>
      </object_component>
      <object_component id="oc-1ba">
         <name>.debug_frame</name>
         <load_address>0x3d0</load_address>
         <run_address>0x3d0</run_address>
         <size>0x3c</size>
         <input_file_ref idref="fl-9"/>
      </object_component>
      <object_component id="oc-186">
         <name>.debug_frame</name>
         <load_address>0x40c</load_address>
         <run_address>0x40c</run_address>
         <size>0x40</size>
         <input_file_ref idref="fl-a"/>
      </object_component>
      <object_component id="oc-262">
         <name>.debug_frame</name>
         <load_address>0x44c</load_address>
         <run_address>0x44c</run_address>
         <size>0x3c</size>
         <input_file_ref idref="fl-a"/>
      </object_component>
      <object_component id="oc-25c">
         <name>.debug_frame</name>
         <load_address>0x488</load_address>
         <run_address>0x488</run_address>
         <size>0x3c</size>
         <input_file_ref idref="fl-a"/>
      </object_component>
      <object_component id="oc-26d">
         <name>.debug_frame</name>
         <load_address>0x4c4</load_address>
         <run_address>0x4c4</run_address>
         <size>0x40</size>
         <input_file_ref idref="fl-a"/>
      </object_component>
      <object_component id="oc-267">
         <name>.debug_frame</name>
         <load_address>0x504</load_address>
         <run_address>0x504</run_address>
         <size>0x40</size>
         <input_file_ref idref="fl-a"/>
      </object_component>
      <object_component id="oc-122">
         <name>.debug_frame</name>
         <load_address>0x544</load_address>
         <run_address>0x544</run_address>
         <size>0x34</size>
         <input_file_ref idref="fl-3b"/>
      </object_component>
      <object_component id="oc-21d">
         <name>.debug_frame</name>
         <load_address>0x578</load_address>
         <run_address>0x578</run_address>
         <size>0x44</size>
         <input_file_ref idref="fl-3c"/>
      </object_component>
      <object_component id="oc-114">
         <name>.debug_frame</name>
         <load_address>0x5bc</load_address>
         <run_address>0x5bc</run_address>
         <size>0x3c</size>
         <input_file_ref idref="fl-3d"/>
      </object_component>
      <object_component id="oc-17e">
         <name>.debug_frame</name>
         <load_address>0x5f8</load_address>
         <run_address>0x5f8</run_address>
         <size>0x3c</size>
         <input_file_ref idref="fl-40"/>
      </object_component>
      <object_component id="oc-293">
         <name>.debug_frame</name>
         <load_address>0x634</load_address>
         <run_address>0x634</run_address>
         <size>0x3c</size>
         <input_file_ref idref="fl-41"/>
      </object_component>
      <object_component id="oc-215">
         <name>.debug_frame</name>
         <load_address>0x670</load_address>
         <run_address>0x670</run_address>
         <size>0x3c</size>
         <input_file_ref idref="fl-44"/>
      </object_component>
      <object_component id="oc-254">
         <name>.debug_abbrev</name>
         <load_address>0x0</load_address>
         <run_address>0x0</run_address>
         <size>0x7a</size>
         <input_file_ref idref="fl-2"/>
      </object_component>
      <object_component id="oc-27f">
         <name>.debug_abbrev</name>
         <load_address>0x7a</load_address>
         <run_address>0x7a</run_address>
         <size>0x60</size>
         <input_file_ref idref="fl-2"/>
      </object_component>
      <object_component id="oc-ee">
         <name>.debug_abbrev</name>
         <load_address>0xda</load_address>
         <run_address>0xda</run_address>
         <size>0x1f</size>
         <input_file_ref idref="fl-2"/>
      </object_component>
      <object_component id="oc-24f">
         <name>.debug_abbrev</name>
         <load_address>0xf9</load_address>
         <run_address>0xf9</run_address>
         <size>0x50</size>
         <input_file_ref idref="fl-3"/>
      </object_component>
      <object_component id="oc-252">
         <name>.debug_abbrev</name>
         <load_address>0x149</load_address>
         <run_address>0x149</run_address>
         <size>0x50</size>
         <input_file_ref idref="fl-5"/>
      </object_component>
      <object_component id="oc-1a7">
         <name>.debug_abbrev</name>
         <load_address>0x199</load_address>
         <run_address>0x199</run_address>
         <size>0xd0</size>
         <input_file_ref idref="fl-6"/>
      </object_component>
      <object_component id="oc-16c">
         <name>.debug_abbrev</name>
         <load_address>0x269</load_address>
         <run_address>0x269</run_address>
         <size>0x53</size>
         <input_file_ref idref="fl-6"/>
      </object_component>
      <object_component id="oc-255">
         <name>.debug_abbrev</name>
         <load_address>0x2bc</load_address>
         <run_address>0x2bc</run_address>
         <size>0x50</size>
         <input_file_ref idref="fl-6"/>
      </object_component>
      <object_component id="oc-1ab">
         <name>.debug_abbrev</name>
         <load_address>0x30c</load_address>
         <run_address>0x30c</run_address>
         <size>0x90</size>
         <input_file_ref idref="fl-7"/>
      </object_component>
      <object_component id="oc-253">
         <name>.debug_abbrev</name>
         <load_address>0x39c</load_address>
         <run_address>0x39c</run_address>
         <size>0x50</size>
         <input_file_ref idref="fl-7"/>
      </object_component>
      <object_component id="oc-173">
         <name>.debug_abbrev</name>
         <load_address>0x3ec</load_address>
         <run_address>0x3ec</run_address>
         <size>0x53</size>
         <input_file_ref idref="fl-7"/>
      </object_component>
      <object_component id="oc-272">
         <name>.debug_abbrev</name>
         <load_address>0x43f</load_address>
         <run_address>0x43f</run_address>
         <size>0x50</size>
         <input_file_ref idref="fl-8"/>
      </object_component>
      <object_component id="oc-271">
         <name>.debug_abbrev</name>
         <load_address>0x48f</load_address>
         <run_address>0x48f</run_address>
         <size>0x50</size>
         <input_file_ref idref="fl-8"/>
      </object_component>
      <object_component id="oc-270">
         <name>.debug_abbrev</name>
         <load_address>0x4df</load_address>
         <run_address>0x4df</run_address>
         <size>0x50</size>
         <input_file_ref idref="fl-8"/>
      </object_component>
      <object_component id="oc-274">
         <name>.debug_abbrev</name>
         <load_address>0x52f</load_address>
         <run_address>0x52f</run_address>
         <size>0x50</size>
         <input_file_ref idref="fl-8"/>
      </object_component>
      <object_component id="oc-26f">
         <name>.debug_abbrev</name>
         <load_address>0x57f</load_address>
         <run_address>0x57f</run_address>
         <size>0x5e</size>
         <input_file_ref idref="fl-8"/>
      </object_component>
      <object_component id="oc-273">
         <name>.debug_abbrev</name>
         <load_address>0x5dd</load_address>
         <run_address>0x5dd</run_address>
         <size>0x50</size>
         <input_file_ref idref="fl-8"/>
      </object_component>
      <object_component id="oc-256">
         <name>.debug_abbrev</name>
         <load_address>0x62d</load_address>
         <run_address>0x62d</run_address>
         <size>0x6c</size>
         <input_file_ref idref="fl-8"/>
      </object_component>
      <object_component id="oc-251">
         <name>.debug_abbrev</name>
         <load_address>0x699</load_address>
         <run_address>0x699</run_address>
         <size>0x50</size>
         <input_file_ref idref="fl-9"/>
      </object_component>
      <object_component id="oc-250">
         <name>.debug_abbrev</name>
         <load_address>0x6e9</load_address>
         <run_address>0x6e9</run_address>
         <size>0x50</size>
         <input_file_ref idref="fl-9"/>
      </object_component>
      <object_component id="oc-1a9">
         <name>.debug_abbrev</name>
         <load_address>0x739</load_address>
         <run_address>0x739</run_address>
         <size>0xf9</size>
         <input_file_ref idref="fl-a"/>
      </object_component>
      <object_component id="oc-20f">
         <name>.debug_abbrev</name>
         <load_address>0x832</load_address>
         <run_address>0x832</run_address>
         <size>0x60</size>
         <input_file_ref idref="fl-a"/>
      </object_component>
      <object_component id="oc-2be">
         <name>.debug_abbrev</name>
         <load_address>0x892</load_address>
         <run_address>0x892</run_address>
         <size>0x5e</size>
         <input_file_ref idref="fl-a"/>
      </object_component>
      <object_component id="oc-2b5">
         <name>.debug_abbrev</name>
         <load_address>0x8f0</load_address>
         <run_address>0x8f0</run_address>
         <size>0x50</size>
         <input_file_ref idref="fl-a"/>
      </object_component>
      <object_component id="oc-2c4">
         <name>.debug_abbrev</name>
         <load_address>0x940</load_address>
         <run_address>0x940</run_address>
         <size>0x50</size>
         <input_file_ref idref="fl-a"/>
      </object_component>
      <object_component id="oc-2c2">
         <name>.debug_abbrev</name>
         <load_address>0x990</load_address>
         <run_address>0x990</run_address>
         <size>0x50</size>
         <input_file_ref idref="fl-a"/>
      </object_component>
      <object_component id="oc-2f4">
         <name>.debug_abbrev</name>
         <load_address>0x9e0</load_address>
         <run_address>0x9e0</run_address>
         <size>0x3c</size>
         <input_file_ref idref="fl-25"/>
      </object_component>
      <object_component id="oc-2c6">
         <name>.debug_abbrev</name>
         <load_address>0xa1c</load_address>
         <run_address>0xa1c</run_address>
         <size>0x3c</size>
         <input_file_ref idref="fl-26"/>
      </object_component>
      <object_component id="oc-164">
         <name>.debug_abbrev</name>
         <load_address>0xa58</load_address>
         <run_address>0xa58</run_address>
         <size>0x28</size>
         <input_file_ref idref="fl-33"/>
      </object_component>
      <object_component id="oc-14d">
         <name>.debug_abbrev</name>
         <load_address>0xa80</load_address>
         <run_address>0xa80</run_address>
         <size>0x3c</size>
         <input_file_ref idref="fl-34"/>
      </object_component>
      <object_component id="oc-2c5">
         <name>.debug_abbrev</name>
         <load_address>0xabc</load_address>
         <run_address>0xabc</run_address>
         <size>0x2e</size>
         <input_file_ref idref="fl-38"/>
      </object_component>
      <object_component id="oc-14b">
         <name>.debug_abbrev</name>
         <load_address>0xaea</load_address>
         <run_address>0xaea</run_address>
         <size>0x29</size>
         <input_file_ref idref="fl-3b"/>
      </object_component>
      <object_component id="oc-18b">
         <name>.debug_abbrev</name>
         <load_address>0xb13</load_address>
         <run_address>0xb13</run_address>
         <size>0x58</size>
         <input_file_ref idref="fl-3b"/>
      </object_component>
      <object_component id="oc-2dc">
         <name>.debug_abbrev</name>
         <load_address>0xb6b</load_address>
         <run_address>0xb6b</run_address>
         <size>0xc0</size>
         <input_file_ref idref="fl-3c"/>
      </object_component>
      <object_component id="oc-298">
         <name>.debug_abbrev</name>
         <load_address>0xc2b</load_address>
         <run_address>0xc2b</run_address>
         <size>0x7e</size>
         <input_file_ref idref="fl-3c"/>
      </object_component>
      <object_component id="oc-2e0">
         <name>.debug_abbrev</name>
         <load_address>0xca9</load_address>
         <run_address>0xca9</run_address>
         <size>0x24</size>
         <input_file_ref idref="fl-3c"/>
      </object_component>
      <object_component id="oc-2f1">
         <name>.debug_abbrev</name>
         <load_address>0xccd</load_address>
         <run_address>0xccd</run_address>
         <size>0x24</size>
         <input_file_ref idref="fl-3c"/>
      </object_component>
      <object_component id="oc-2a6">
         <name>.debug_abbrev</name>
         <load_address>0xcf1</load_address>
         <run_address>0xcf1</run_address>
         <size>0x24</size>
         <input_file_ref idref="fl-3c"/>
      </object_component>
      <object_component id="oc-2e5">
         <name>.debug_abbrev</name>
         <load_address>0xd15</load_address>
         <run_address>0xd15</run_address>
         <size>0x4b</size>
         <input_file_ref idref="fl-3c"/>
      </object_component>
      <object_component id="oc-1ad">
         <name>.debug_abbrev</name>
         <load_address>0xd60</load_address>
         <run_address>0xd60</run_address>
         <size>0x37</size>
         <input_file_ref idref="fl-3d"/>
      </object_component>
      <object_component id="oc-174">
         <name>.debug_abbrev</name>
         <load_address>0xd97</load_address>
         <run_address>0xd97</run_address>
         <size>0x6f</size>
         <input_file_ref idref="fl-3d"/>
      </object_component>
      <object_component id="oc-177">
         <name>.debug_abbrev</name>
         <load_address>0xe06</load_address>
         <run_address>0xe06</run_address>
         <size>0x24</size>
         <input_file_ref idref="fl-3d"/>
      </object_component>
      <object_component id="oc-15a">
         <name>.debug_abbrev</name>
         <load_address>0xe2a</load_address>
         <run_address>0xe2a</run_address>
         <size>0x24</size>
         <input_file_ref idref="fl-3d"/>
      </object_component>
      <object_component id="oc-1af">
         <name>.debug_abbrev</name>
         <load_address>0xe4e</load_address>
         <run_address>0xe4e</run_address>
         <size>0x55</size>
         <input_file_ref idref="fl-40"/>
      </object_component>
      <object_component id="oc-2db">
         <name>.debug_abbrev</name>
         <load_address>0xea3</load_address>
         <run_address>0xea3</run_address>
         <size>0x53</size>
         <input_file_ref idref="fl-41"/>
      </object_component>
      <object_component id="oc-280">
         <name>.debug_abbrev</name>
         <load_address>0xef6</load_address>
         <run_address>0xef6</run_address>
         <size>0x45</size>
         <input_file_ref idref="fl-44"/>
      </object_component>
      <object_component id="oc-14f">
         <name>.debug_abbrev</name>
         <load_address>0xf3b</load_address>
         <run_address>0xf3b</run_address>
         <size>0x3a</size>
         <input_file_ref idref="fl-48"/>
      </object_component>
      <object_component id="oc-343">
         <name>.debug_abbrev</name>
         <load_address>0xf75</load_address>
         <run_address>0xf75</run_address>
         <size>0xf</size>
      </object_component>
      <object_component id="oc-f0">
         <name>.debug_str</name>
         <load_address>0x0</load_address>
         <run_address>0x0</run_address>
         <size>0xfd</size>
         <input_file_ref idref="fl-2"/>
      </object_component>
      <object_component id="oc-2e2">
         <name>.debug_str</name>
         <load_address>0xfd</load_address>
         <run_address>0xfd</run_address>
         <size>0xed</size>
         <input_file_ref idref="fl-3c"/>
      </object_component>
      <object_component id="oc-2f3">
         <name>.debug_str</name>
         <load_address>0x1ea</load_address>
         <run_address>0x1ea</run_address>
         <size>0x14c</size>
         <input_file_ref idref="fl-3c"/>
      </object_component>
      <object_component id="oc-2a8">
         <name>.debug_str</name>
         <load_address>0x336</load_address>
         <run_address>0x336</run_address>
         <size>0x147</size>
         <input_file_ref idref="fl-3c"/>
      </object_component>
      <object_component id="oc-2e7">
         <name>.debug_str</name>
         <load_address>0x47d</load_address>
         <run_address>0x47d</run_address>
         <size>0x197</size>
         <input_file_ref idref="fl-3c"/>
      </object_component>
      <object_component id="oc-179">
         <name>.debug_str</name>
         <load_address>0x614</load_address>
         <run_address>0x614</run_address>
         <size>0x105</size>
         <input_file_ref idref="fl-3d"/>
      </object_component>
      <object_component id="oc-15c">
         <name>.debug_str</name>
         <load_address>0x719</load_address>
         <run_address>0x719</run_address>
         <size>0x140</size>
         <input_file_ref idref="fl-3d"/>
      </object_component>
      <object_component id="oc-1d0">
         <name>.debug_aranges</name>
         <load_address>0x0</load_address>
         <run_address>0x0</run_address>
         <size>0x20</size>
         <input_file_ref idref="fl-2"/>
      </object_component>
      <object_component id="oc-20a">
         <name>.debug_aranges</name>
         <load_address>0x20</load_address>
         <run_address>0x20</run_address>
         <size>0x20</size>
         <input_file_ref idref="fl-2"/>
      </object_component>
      <object_component id="oc-1b5">
         <name>.debug_aranges</name>
         <load_address>0x40</load_address>
         <run_address>0x40</run_address>
         <size>0x20</size>
         <input_file_ref idref="fl-3"/>
      </object_component>
      <object_component id="oc-1c4">
         <name>.debug_aranges</name>
         <load_address>0x60</load_address>
         <run_address>0x60</run_address>
         <size>0x20</size>
         <input_file_ref idref="fl-5"/>
      </object_component>
      <object_component id="oc-104">
         <name>.debug_aranges</name>
         <load_address>0x80</load_address>
         <run_address>0x80</run_address>
         <size>0x20</size>
         <input_file_ref idref="fl-6"/>
      </object_component>
      <object_component id="oc-1d5">
         <name>.debug_aranges</name>
         <load_address>0xa0</load_address>
         <run_address>0xa0</run_address>
         <size>0x20</size>
         <input_file_ref idref="fl-6"/>
      </object_component>
      <object_component id="oc-1cc">
         <name>.debug_aranges</name>
         <load_address>0xc0</load_address>
         <run_address>0xc0</run_address>
         <size>0x20</size>
         <input_file_ref idref="fl-7"/>
      </object_component>
      <object_component id="oc-10c">
         <name>.debug_aranges</name>
         <load_address>0xe0</load_address>
         <run_address>0xe0</run_address>
         <size>0x20</size>
         <input_file_ref idref="fl-7"/>
      </object_component>
      <object_component id="oc-1f9">
         <name>.debug_aranges</name>
         <load_address>0x100</load_address>
         <run_address>0x100</run_address>
         <size>0x20</size>
         <input_file_ref idref="fl-8"/>
      </object_component>
      <object_component id="oc-1f4">
         <name>.debug_aranges</name>
         <load_address>0x120</load_address>
         <run_address>0x120</run_address>
         <size>0x20</size>
         <input_file_ref idref="fl-8"/>
      </object_component>
      <object_component id="oc-1eb">
         <name>.debug_aranges</name>
         <load_address>0x140</load_address>
         <run_address>0x140</run_address>
         <size>0x20</size>
         <input_file_ref idref="fl-8"/>
      </object_component>
      <object_component id="oc-204">
         <name>.debug_aranges</name>
         <load_address>0x160</load_address>
         <run_address>0x160</run_address>
         <size>0x20</size>
         <input_file_ref idref="fl-8"/>
      </object_component>
      <object_component id="oc-1e6">
         <name>.debug_aranges</name>
         <load_address>0x180</load_address>
         <run_address>0x180</run_address>
         <size>0x20</size>
         <input_file_ref idref="fl-8"/>
      </object_component>
      <object_component id="oc-1fd">
         <name>.debug_aranges</name>
         <load_address>0x1a0</load_address>
         <run_address>0x1a0</run_address>
         <size>0x20</size>
         <input_file_ref idref="fl-8"/>
      </object_component>
      <object_component id="oc-1df">
         <name>.debug_aranges</name>
         <load_address>0x1c0</load_address>
         <run_address>0x1c0</run_address>
         <size>0x20</size>
         <input_file_ref idref="fl-8"/>
      </object_component>
      <object_component id="oc-1bf">
         <name>.debug_aranges</name>
         <load_address>0x1e0</load_address>
         <run_address>0x1e0</run_address>
         <size>0x20</size>
         <input_file_ref idref="fl-9"/>
      </object_component>
      <object_component id="oc-1b9">
         <name>.debug_aranges</name>
         <load_address>0x200</load_address>
         <run_address>0x200</run_address>
         <size>0x20</size>
         <input_file_ref idref="fl-9"/>
      </object_component>
      <object_component id="oc-184">
         <name>.debug_aranges</name>
         <load_address>0x220</load_address>
         <run_address>0x220</run_address>
         <size>0x20</size>
         <input_file_ref idref="fl-a"/>
      </object_component>
      <object_component id="oc-25f">
         <name>.debug_aranges</name>
         <load_address>0x240</load_address>
         <run_address>0x240</run_address>
         <size>0x20</size>
         <input_file_ref idref="fl-a"/>
      </object_component>
      <object_component id="oc-259">
         <name>.debug_aranges</name>
         <load_address>0x260</load_address>
[...]
      </symbol>
      <symbol id="sm-6d">
         <name>ADC12MEM7</name>
         <value>0x14e</value>
      </symbol>
      <symbol id="sm-6e">
         <name>ADC12MEM8</name>
         <value>0x150</value>
      </symbol>
      <symbol id="sm-6f">
         <name>ADC12MEM9</name>
         <value>0x152</value>
      </symbol>
      <symbol id="sm-70">
         <name>ADC12MEM10</name>
         <value>0x154</value>
      </symbol>
      <symbol id="sm-71">
         <name>ADC12MEM11</name>
         <value>0x156</value>
      </symbol>
      <symbol id="sm-72">
         <name>ADC12MEM12</name>
         <value>0x158</value>
      </symbol>
      <symbol id="sm-73">
         <name>ADC12MEM13</name>
         <value>0x15a</value>
      </symbol>
      <symbol id="sm-74">
         <name>ADC12MEM14</name>
         <value>0x15c</value>
      </symbol>
      <symbol id="sm-75">
         <name>ADC12MEM15</name>
         <value>0x15e</value>
      </symbol>
      <symbol id="sm-76">
         <name>ADC12MCTL0</name>
         <value>0x80</value>
      </symbol>
      <symbol id="sm-77">
         <name>ADC12MCTL1</name>
         <value>0x81</value>
      </symbol>
      <symbol id="sm-78">
         <name>ADC12MCTL2</name>
         <value>0x82</value>
      </symbol>
      <symbol id="sm-79">
         <name>ADC12MCTL3</name>
         <value>0x83</value>
      </symbol>
      <symbol id="sm-7a">
         <name>ADC12MCTL4</name>
         <value>0x84</value>
      </symbol>
      <symbol id="sm-7b">
         <name>ADC12MCTL5</name>
         <value>0x85</value>
      </symbol>
      <symbol id="sm-7c">
         <name>ADC12MCTL6</name>
         <value>0x86</value>
      </symbol>
      <symbol id="sm-7d">
         <name>ADC12MCTL7</name>
         <value>0x87</value>
      </symbol>
      <symbol id="sm-7e">
         <name>ADC12MCTL8</name>
         <value>0x88</value>
      </symbol>
      <symbol id="sm-7f">
         <name>ADC12MCTL9</name>
         <value>0x89</value>
      </symbol>
      <symbol id="sm-80">
         <name>ADC12MCTL10</name>
         <value>0x8a</value>
      </symbol>
      <symbol id="sm-81">
         <name>ADC12MCTL11</name>
         <value>0x8b</value>
      </symbol>
      <symbol id="sm-82">
         <name>ADC12MCTL12</name>
         <value>0x8c</value>
      </symbol>
      <symbol id="sm-83">
         <name>ADC12MCTL13</name>
         <value>0x8d</value>
      </symbol>
      <symbol id="sm-84">
         <name>ADC12MCTL14</name>
         <value>0x8e</value>
      </symbol>
      <symbol id="sm-85">
         <name>ADC12MCTL15</name>
         <value>0x8f</value>
      </symbol>
      <symbol id="sm-86">
         <name>__TI_CINIT_Base</name>
         <value>0x1a40</value>
      </symbol>
      <symbol id="sm-87">
         <name>__TI_CINIT_Limit</name>
         <value>0x1a44</value>
      </symbol>
      <symbol id="sm-88">
         <name>__TI_Handler_Table_Base</name>
         <value>0x1a3e</value>
      </symbol>
      <symbol id="sm-89">
         <name>__TI_Handler_Table_Limit</name>
         <value>0x1a40</value>
      </symbol>
      <symbol id="sm-8a">
         <name>__STACK_SIZE</name>
         <value>0x50</value>
      </symbol>
      <symbol id="sm-8b">
         <name>__STACK_END</name>
         <value>0xa00</value>
      </symbol>
      <symbol id="sm-8c">
         <name>__c_args__</name>
         <value>0xffffffff</value>
      </symbol>
      <symbol id="sm-8d">
         <name>__TI_pprof_out_hndl</name>
         <value>0xffffffff</value>
      </symbol>
      <symbol id="sm-8e">
         <name>__TI_prof_data_start</name>
         <value>0xffffffff</value>
      </symbol>
      <symbol id="sm-8f">
         <name>__TI_prof_data_size</name>
         <value>0xffffffff</value>
      </symbol>
      <symbol id="sm-cf">
         <name>ADC12_Single_Init</name>
         <value>0x174c</value>
         <object_component_ref idref="oc-1ce"/>
      </symbol>
      <symbol id="sm-d0">
         <name>ADC12_Single_Convert</name>
         <value>0x17c0</value>
         <object_component_ref idref="oc-208"/>
      </symbol>
      <symbol id="sm-d9">
         <name>BCM_Init</name>
         <value>0x1874</value>
         <object_component_ref idref="oc-1b0"/>
      </symbol>
      <symbol id="sm-e3">
         <name>TMR0_B7_PWM_Init</name>
         <value>0x192c</value>
         <object_component_ref idref="oc-1c2"/>
      </symbol>
      <symbol id="sm-fb">
         <name>buffer</name>
         <value>0x200</value>
      </symbol>
      <symbol id="sm-fc">
         <name>pos</name>
         <value>0x216</value>
      </symbol>
      <symbol id="sm-fd">
         <name>__TI_int03</name>
         <value>0xffe6</value>
         <object_component_ref idref="oc-40"/>
      </symbol>
      <symbol id="sm-fe">
         <name>usart1_rx</name>
         <value>0x170c</value>
         <object_component_ref idref="oc-103"/>
      </symbol>
      <symbol id="sm-ff">
         <name>UART_Init</name>
         <value>0x1788</value>
         <object_component_ref idref="oc-1d4"/>
      </symbol>
      <symbol id="sm-115">
         <name>wdt_counter</name>
         <value>0x21a</value>
      </symbol>
      <symbol id="sm-116">
         <name>sec1_counter</name>
         <value>0x218</value>
      </symbol>
      <symbol id="sm-117">
         <name>WDT_ISR</name>
         <value>0x1970</value>
         <object_component_ref idref="oc-109"/>
      </symbol>
      <symbol id="sm-118">
         <name>__TI_int10</name>
         <value>0xfff4</value>
         <object_component_ref idref="oc-47"/>
      </symbol>
      <symbol id="sm-119">
         <name>WDT_Set_Timer</name>
         <value>0x19c8</value>
         <object_component_ref idref="oc-1c8"/>
      </symbol>
      <symbol id="sm-14f">
         <name>stop</name>
         <value>0x1a18</value>
         <object_component_ref idref="oc-1f6"/>
      </symbol>
      <symbol id="sm-150">
         <name>follow</name>
         <value>0x198e</value>
         <object_component_ref idref="oc-1e4"/>
      </symbol>
      <symbol id="sm-151">
         <name>forward</name>
         <value>0x18c0</value>
         <object_component_ref idref="oc-202"/>
      </symbol>
      <symbol id="sm-152">
         <name>back</name>
         <value>0x189c</value>
         <object_component_ref idref="oc-1fc"/>
      </symbol>
      <symbol id="sm-153">
         <name>dance</name>
         <value>0x194e</value>
         <object_component_ref idref="oc-1de"/>
      </symbol>
      <symbol id="sm-154">
         <name>left</name>
         <value>0x18e4</value>
         <object_component_ref idref="oc-1ea"/>
      </symbol>
      <symbol id="sm-155">
         <name>right</name>
         <value>0x1908</value>
         <object_component_ref idref="oc-1f0"/>
      </symbol>
      <symbol id="sm-165">
         <name>Motor_Init</name>
         <value>0x19e0</value>
         <object_component_ref idref="oc-1bc"/>
      </symbol>
      <symbol id="sm-166">
         <name>Hardware_Init</name>
         <value>0x16cc</value>
         <object_component_ref idref="oc-1b6"/>
      </symbol>
      <symbol id="sm-1d5">
         <name>TMR_configured</name>
         <value>0x220</value>
      </symbol>
      <symbol id="sm-1d6">
         <name>TMR_active</name>
         <value>0x21f</value>
      </symbol>
      <symbol id="sm-1d7">
         <name>lock_state</name>
         <value>0x224</value>
      </symbol>
      <symbol id="sm-1d8">
         <name>diff_state</name>
         <value>0x223</value>
      </symbol>
      <symbol id="sm-1d9">
         <name>TMR_diff_mask</name>
         <value>0x221</value>
      </symbol>
      <symbol id="sm-1da">
         <name>timer_tick</name>
         <value>0x226</value>
      </symbol>
      <symbol id="sm-1db">
         <name>sec1_tick</name>
         <value>0x225</value>
      </symbol>
      <symbol id="sm-1dc">
         <name>diff_timer</name>
         <value>0x214</value>
      </symbol>
      <symbol id="sm-1dd">
         <name>VCC_voltage</name>
         <value>0x20a</value>
      </symbol>
      <symbol id="sm-1de">
         <name>SM1_cmd</name>
         <value>0x21c</value>
      </symbol>
      <symbol id="sm-1df">
         <name>SM2_cmd</name>
         <value>0x21d</value>
      </symbol>
      <symbol id="sm-1e0">
         <name>SM3_cmd</name>
         <value>0x21e</value>
      </symbol>
      <symbol id="sm-1e1">
         <name>active_cmd</name>
         <value>0x222</value>
      </symbol>
      <symbol id="sm-1e2">
         <name>dif12_count</name>
         <value>0x20e</value>
      </symbol>
      <symbol id="sm-1e3">
         <name>dif23_count</name>
         <value>0x212</value>
      </symbol>
      <symbol id="sm-1e4">
         <name>dif13_count</name>
         <value>0x210</value>
      </symbol>
      <symbol id="sm-1e5">
         <name>command</name>
         <value>0x20c</value>
      </symbol>
      <symbol id="sm-1e6">
         <name>Get_Submodule_CMD</name>
         <value>0x168c</value>
         <object_component_ref idref="oc-25d"/>
      </symbol>
      <symbol id="sm-1e7">
         <name>Evaluate_Active_Submodules</name>
         <value>0x1100</value>
         <object_component_ref idref="oc-263"/>
      </symbol>
      <symbol id="sm-1e8">
         <name>Get_Config_Switch</name>
         <value>0x1594</value>
         <object_component_ref idref="oc-257"/>
      </symbol>
      <symbol id="sm-1e9">
         <name>Exec_Submodule_CMD</name>
         <value>0x1304</value>
         <object_component_ref idref="oc-269"/>
      </symbol>
      <symbol id="sm-1ea">
         <name>main</name>
         <value>0x1478</value>
         <object_component_ref idref="oc-182"/>
      </symbol>
      <symbol id="sm-1f2">
         <name>__mspabi_srai</name>
         <value>0x181c</value>
         <object_component_ref idref="oc-2b8"/>
      </symbol>
      <symbol id="sm-1f3">
         <name>__mspabi_srai_8</name>
         <value>0x1836</value>
         <object_component_ref idref="oc-2b8"/>
      </symbol>
      <symbol id="sm-1f4">
         <name>__mspabi_srai_9</name>
         <value>0x1834</value>
         <object_component_ref idref="oc-2b8"/>
      </symbol>
      <symbol id="sm-1f5">
         <name>__mspabi_srai_6</name>
         <value>0x183a</value>
         <object_component_ref idref="oc-2b8"/>
      </symbol>
      <symbol id="sm-1f6">
         <name>__mspabi_srai_7</name>
         <value>0x1838</value>
         <object_component_ref idref="oc-2b8"/>
      </symbol>
      <symbol id="sm-1f7">
         <name>__mspabi_srai_4</name>
         <value>0x183e</value>
         <object_component_ref idref="oc-2b8"/>
      </symbol>
      <symbol id="sm-1f8">
         <name>__mspabi_srai_5</name>
         <value>0x183c</value>
         <object_component_ref idref="oc-2b8"/>
      </symbol>
      <symbol id="sm-1f9">
         <name>__mspabi_srai_2</name>
         <value>0x1842</value>
         <object_component_ref idref="oc-2b8"/>
      </symbol>
      <symbol id="sm-1fa">
         <name>__mspabi_srai_3</name>
         <value>0x1840</value>
         <object_component_ref idref="oc-2b8"/>
      </symbol>
      <symbol id="sm-1fb">
         <name>__mspabi_srai_1</name>
         <value>0x1844</value>
         <object_component_ref idref="oc-2b8"/>
      </symbol>
      <symbol id="sm-1fc">
         <name>__mspabi_srai_15</name>
         <value>0x1828</value>
         <object_component_ref idref="oc-2b8"/>
      </symbol>
      <symbol id="sm-1fd">
         <name>__mspabi_srai_14</name>
         <value>0x182a</value>
         <object_component_ref idref="oc-2b8"/>
      </symbol>
      <symbol id="sm-1fe">
         <name>__mspabi_srai_13</name>
         <value>0x182c</value>
         <object_component_ref idref="oc-2b8"/>
      </symbol>
      <symbol id="sm-1ff">
         <name>__mspabi_srai_12</name>
         <value>0x182e</value>
         <object_component_ref idref="oc-2b8"/>
      </symbol>
      <symbol id="sm-200">
         <name>__mspabi_srai_11</name>
         <value>0x1830</value>
         <object_component_ref idref="oc-2b8"/>
      </symbol>
      <symbol id="sm-201">
         <name>__mspabi_srai_10</name>
         <value>0x1832</value>
         <object_component_ref idref="oc-2b8"/>
      </symbol>
      <symbol id="sm-20f">
         <name>__mspabi_remul</name>
         <value>0x15f2</value>
         <object_component_ref idref="oc-27a"/>
      </symbol>
      <symbol id="sm-210">
         <name>__mspabi_divul</name>
         <value>0x15f2</value>
         <object_component_ref idref="oc-27a"/>
      </symbol>
      <symbol id="sm-213">
         <name>__TI_int01</name>
         <value>0xffe2</value>
         <object_component_ref idref="oc-3e"/>
      </symbol>
      <symbol id="sm-216">
         <name>__TI_int02</name>
         <value>0xffe4</value>
         <object_component_ref idref="oc-3f"/>
      </symbol>
      <symbol id="sm-219">
         <name>__TI_int04</name>
         <value>0xffe8</value>
         <object_component_ref idref="oc-41"/>
      </symbol>
      <symbol id="sm-21c">
         <name>__TI_int05</name>
         <value>0xffea</value>
         <object_component_ref idref="oc-42"/>
      </symbol>
      <symbol id="sm-21f">
         <name>__TI_int06</name>
         <value>0xffec</value>
         <object_component_ref idref="oc-43"/>
      </symbol>
      <symbol id="sm-222">
         <name>__TI_int07</name>
         <value>0xffee</value>
         <object_component_ref idref="oc-44"/>
      </symbol>
      <symbol id="sm-225">
         <name>__TI_int08</name>
         <value>0xfff0</value>
         <object_component_ref idref="oc-45"/>
      </symbol>
      <symbol id="sm-228">
         <name>__TI_int09</name>
         <value>0xfff2</value>
         <object_component_ref idref="oc-46"/>
      </symbol>
      <symbol id="sm-22b">
         <name>__TI_int11</name>
         <value>0xfff6</value>
         <object_component_ref idref="oc-48"/>
      </symbol>
      <symbol id="sm-22e">
         <name>__TI_int12</name>
         <value>0xfff8</value>
         <object_component_ref idref="oc-49"/>
      </symbol>
      <symbol id="sm-231">
         <name>__TI_int13</name>
         <value>0xfffa</value>
         <object_component_ref idref="oc-4a"/>
      </symbol>
      <symbol id="sm-234">
         <name>__TI_int14</name>
         <value>0xfffc</value>
         <object_component_ref idref="oc-4b"/>
      </symbol>
      <symbol id="sm-23c">
         <name>__TI_ISR_TRAP</name>
         <value>0x1a26</value>
         <object_component_ref idref="oc-fe"/>
      </symbol>
      <symbol id="sm-244">
         <name>__mspabi_slli</name>
         <value>0x1848</value>
         <object_component_ref idref="oc-d7"/>
      </symbol>
      <symbol id="sm-245">
         <name>__mspabi_slli_9</name>
         <value>0x1860</value>
         <object_component_ref idref="oc-d7"/>
      </symbol>
      <symbol id="sm-246">
         <name>__mspabi_slli_8</name>
         <value>0x1862</value>
         <object_component_ref idref="oc-d7"/>
      </symbol>
      <symbol id="sm-247">
         <name>__mspabi_slli_7</name>
         <value>0x1864</value>
         <object_component_ref idref="oc-d7"/>
      </symbol>
      <symbol id="sm-248">
         <name>__mspabi_slli_6</name>
         <value>0x1866</value>
         <object_component_ref idref="oc-d7"/>
      </symbol>
      <symbol id="sm-249">
         <name>__mspabi_slli_5</name>
         <value>0x1868</value>
         <object_component_ref idref="oc-d7"/>
      </symbol>
      <symbol id="sm-24a">
         <name>__mspabi_slli_4</name>
         <value>0x186a</value>
         <object_component_ref idref="oc-d7"/>
      </symbol>
      <symbol id="sm-24b">
         <name>__mspabi_slli_3</name>
         <value>0x186c</value>
         <object_component_ref idref="oc-d7"/>
      </symbol>
      <symbol id="sm-24c">
         <name>__mspabi_slli_2</name>
         <value>0x186e</value>
         <object_component_ref idref="oc-d7"/>
      </symbol>
      <symbol id="sm-24d">
         <name>__mspabi_slli_1</name>
         <value>0x1870</value>
         <object_component_ref idref="oc-d7"/>
      </symbol>
      <symbol id="sm-24e">
         <name>__mspabi_slli_15</name>
         <value>0x1854</value>
         <object_component_ref idref="oc-d7"/>
      </symbol>
      <symbol id="sm-24f">
         <name>__mspabi_slli_14</name>
         <value>0x1856</value>
         <object_component_ref idref="oc-d7"/>
      </symbol>
      <symbol id="sm-250">
         <name>__mspabi_slli_13</name>
         <value>0x1858</value>
         <object_component_ref idref="oc-d7"/>
      </symbol>
      <symbol id="sm-251">
         <name>__mspabi_slli_12</name>
         <value>0x185a</value>
         <object_component_ref idref="oc-d7"/>
      </symbol>
      <symbol id="sm-252">
         <name>__mspabi_slli_11</name>
         <value>0x185c</value>
         <object_component_ref idref="oc-d7"/>
      </symbol>
      <symbol id="sm-253">
         <name>__mspabi_slli_10</name>
         <value>0x185e</value>
         <object_component_ref idref="oc-d7"/>
      </symbol>
      <symbol id="sm-25e">
         <name>__mspabi_mpyl_hw</name>
         <value>0x17ee</value>
         <object_component_ref idref="oc-275"/>
      </symbol>
      <symbol id="sm-270">
         <name>_stack</name>
         <value>0x9b0</value>
         <object_component_ref idref="oc-d3"/>
      </symbol>
      <symbol id="sm-271">
         <name>_c_int00_noargs</name>
         <value>0x19ac</value>
         <object_component_ref idref="oc-121"/>
      </symbol>
      <symbol id="sm-272">
         <name>_reset_vector</name>
         <value>0xfffe</value>
         <object_component_ref idref="oc-d6"/>
      </symbol>
      <symbol id="sm-294">
         <name>__TI_auto_init_nobinit_nopinit</name>
         <value>0x164a</value>
         <object_component_ref idref="oc-21c"/>
      </symbol>
      <symbol id="sm-2ac">
         <name>__TI_zero_init_nomemset</name>
         <value>0x19f4</value>
         <object_component_ref idref="oc-10f"/>
      </symbol>
      <symbol id="sm-2b7">
         <name>_system_pre_init</name>
         <value>0x1a34</value>
         <object_component_ref idref="oc-17c"/>
      </symbol>
      <symbol id="sm-2c0">
         <name>_system_post_cinit</name>
         <value>0x1a38</value>
         <object_component_ref idref="oc-292"/>
      </symbol>
      <symbol id="sm-2cc">
         <name>C$$EXIT</name>
         <value>0x1a2e</value>
         <object_component_ref idref="oc-210"/>
      </symbol>
      <symbol id="sm-2cd">
         <name>abort</name>
         <value>0x1a2e</value>
         <object_component_ref idref="oc-210"/>
      </symbol>
      <symbol id="sm-2d9">
         <name>__mspabi_func_epilog_2</name>
         <value>0x1a12</value>
         <object_component_ref idref="oc-e1"/>
      </symbol>
      <symbol id="sm-2da">
         <name>__mspabi_func_epilog_3</name>
         <value>0x1a10</value>
         <object_component_ref idref="oc-e1"/>
      </symbol>
      <symbol id="sm-2db">
         <name>__mspabi_func_epilog_1</name>
         <value>0x1a14</value>
         <object_component_ref idref="oc-e1"/>
      </symbol>
      <symbol id="sm-2dc">
         <name>__mspabi_func_epilog_6</name>
         <value>0x1a0a</value>
         <object_component_ref idref="oc-e1"/>
      </symbol>
      <symbol id="sm-2dd">
         <name>__mspabi_func_epilog_7</name>
         <value>0x1a08</value>
         <object_component_ref idref="oc-e1"/>
      </symbol>
      <symbol id="sm-2de">
         <name>__mspabi_func_epilog_4</name>
         <value>0x1a0e</value>
         <object_component_ref idref="oc-e1"/>
      </symbol>
      <symbol id="sm-2df">
         <name>__mspabi_func_epilog_5</name>
         <value>0x1a0c</value>
         <object_component_ref idref="oc-e1"/>
      </symbol>
   </symbol_table>
   <title>Link successful</title>
</link_info>
