******************************************************************************
                  MSP430 Linker PC v15.12.3                    
******************************************************************************
>> Linked Tue Jan 30 13:20:27 2018

OUTPUT FILE NAME:   <MSP430_TMR_Supervisor_01.out>
ENTRY POINT SYMBOL: "_c_int00_noargs_noexit"  address: 000018a8


MEMORY CONFIGURATION

         name            origin    length      used     unused   attr    fill
----------------------  --------  ---------  --------  --------  ----  --------
  SFR                   00000000   00000010  00000000  00000010  RWIX
  PERIPHERALS_8BIT      00000010   000000f0  00000000  000000f0  RWIX
  PERIPHERALS_16BIT     00000100   00000100  00000000  00000100  RWIX
  RAM                   00000200   00000800  00000069  00000797  RWIX
  INFOB                 00001000   00000080  00000000  00000080  RWIX
  INFOA                 00001080   00000080  00000000  00000080  RWIX
  FLASH                 00001100   0000eee0  00000856  0000e68a  RWIX
  INT00                 0000ffe0   00000002  00000002  00000000  RWIX
  INT01                 0000ffe2   00000002  00000002  00000000  RWIX
  INT02                 0000ffe4   00000002  00000002  00000000  RWIX
  INT03                 0000ffe6   00000002  00000002  00000000  RWIX
  INT04                 0000ffe8   00000002  00000002  00000000  RWIX
  INT05                 0000ffea   00000002  00000002  00000000  RWIX
  INT06                 0000ffec   00000002  00000002  00000000  RWIX
  INT07                 0000ffee   00000002  00000002  00000000  RWIX
  INT08                 0000fff0   00000002  00000002  00000000  RWIX
  INT09                 0000fff2   00000002  00000002  00000000  RWIX
  INT10                 0000fff4   00000002  00000002  00000000  RWIX
  INT11                 0000fff6   00000002  00000002  00000000  RWIX
  INT12                 0000fff8   00000002  00000002  00000000  RWIX
  INT13                 0000fffa   00000002  00000002  00000000  RWIX
  INT14                 0000fffc   00000002  00000002  00000000  RWIX
  RESET                 0000fffe   00000002  00000002  00000000  RWIX


SECTION ALLOCATION MAP

 output                                  attributes/
section   page    origin      length       input sections
--------  ----  ----------  ----------   ----------------
.bss       0    00000200    00000019     UNINITIALIZED
                  00000200    00000002     (.common:VCC_voltage)
                  00000202    00000002     (.common:dif12_count)
                  00000204    00000002     (.common:dif13_count)
                  00000206    00000002     (.common:dif23_count)
                  00000208    00000002     (.common:diff_timer)
                  0000020a    00000002     (.common:sec1_counter)
                  0000020c    00000002     (.common:wdt_counter)
                  0000020e    00000001     (.common:SM1_cmd)
                  0000020f    00000001     (.common:SM2_cmd)
                  00000210    00000001     (.common:SM3_cmd)
                  00000211    00000001     (.common:TMR_active)
                  00000212    00000001     (.common:TMR_configured)
                  00000213    00000001     (.common:TMR_diff_mask)
                  00000214    00000001     (.common:active_cmd)
                  00000215    00000001     (.common:diff_state)
                  00000216    00000001     (.common:lock_state)
                  00000217    00000001     (.common:sec1_tick)
                  00000218    00000001     (.common:timer_tick)

.stack     0    000009b0    00000050     UNINITIALIZED
                  000009b0    00000002     rts430_eabi.lib : boot.obj (.stack)
                  000009b2    0000004e     --HOLE--

.text      0    00001100    0000084c     
                  00001100    00000204     main.obj (.text:Evaluate_Active_Submodules)
                  00001304    00000174     main.obj (.text:Exec_Submodule_CMD)
                  00001478    000000da     main.obj (.text:main)
                  00001552    0000006e     rts430_eabi.lib : autoinit.obj (.text:_auto_init)
                  000015c0    0000005e     main.obj (.text:Get_Config_Switch)
                  0000161e    0000005a     rts430_eabi.lib : cpy_tbl.obj (.text:copy_in)
                  00001678    00000058                     : div32u.obj (.text)
                  000016d0    00000040     main.obj (.text:Get_Submodule_CMD)
                  00001710    00000040     hardware_TMR_149.obj (.text:Hardware_Init)
                  00001750    0000003c     ADC12.obj (.text:ADC12_Single_Init)
                  0000178c    0000002e     ADC12.obj (.text:ADC12_Single_Convert)
                  000017ba    0000002e     rts430_eabi.lib : mult32_hw.obj (.text)
                  000017e8    0000002c                     : asr16.obj (.text)
                  00001814    0000002c                     : lsl16.obj (.text)
                  00001840    00000028     BCM.obj (.text:BCM_Init)
                  00001868    00000022     TMR0_B7.obj (.text:TMR0_B7_PWM_Init)
                  0000188a    0000001e     WDT.obj (.text:WDT_ISR)
                  000018a8    0000001a     rts430_eabi.lib : boot_special.obj (.text:_c_int00_noargs_noexit)
                  000018c2    00000018     WDT.obj (.text:WDT_Set_Timer)
                  000018da    00000014     hardware_TMR_149.obj (.text:Motor_Init)
                  000018ee    00000014     rts430_eabi.lib : copy_zero_init.obj (.text:decompress:ZI:__TI_zero_init)
                  00001902    00000014                     : mult16_hw.obj (.text)
                  00001916    00000012                     : memcpy.obj (.text:memcpy)
                  00001928    00000010                     : epilog.obj (.text)
                  00001938    00000008                     : isr_trap.obj (.text:_isr:__TI_ISR_TRAP)
                  00001940    00000006                     : exit.obj (.text:abort)
                  00001946    00000004                     : pre_init.obj (.text:_system_pre_init)
                  0000194a    00000002                     : startup.obj (.text:_system_post_cinit)

.cinit     0    0000194c    0000000a     
                  0000194c    00000004     (.cinit..bss.load) [load image, compression = zero_init]
                  00001950    00000002     (__TI_handler_table)
                  00001952    00000004     (__TI_cinit_table)

.int00     0    0000ffe0    00000002     
                  0000ffe0    00000002     rts430_eabi.lib : int00.obj (.int00)

.int01     0    0000ffe2    00000002     
                  0000ffe2    00000002     rts430_eabi.lib : int01.obj (.int01)

.int02     0    0000ffe4    00000002     
                  0000ffe4    00000002     rts430_eabi.lib : int02.obj (.int02)

.int03     0    0000ffe6    00000002     
                  0000ffe6    00000002     rts430_eabi.lib : int03.obj (.int03)

.int04     0    0000ffe8    00000002     
                  0000ffe8    00000002     rts430_eabi.lib : int04.obj (.int04)

.int05     0    0000ffea    00000002     
                  0000ffea    00000002     rts430_eabi.lib : int05.obj (.int05)

.int06     0    0000ffec    00000002     
                  0000ffec    00000002     rts430_eabi.lib : int06.obj (.int06)

.int07     0    0000ffee    00000002     
                  0000ffee    00000002     rts430_eabi.lib : int07.obj (.int07)

.int08     0    0000fff0    00000002     
                  0000fff0    00000002     rts430_eabi.lib : int08.obj (.int08)

.int09     0    0000fff2    00000002     
                  0000fff2    00000002     rts430_eabi.lib : int09.obj (.int09)

.int10     0    0000fff4    00000002     
                  0000fff4    00000002     WDT.obj (.int10)

.int11     0    0000fff6    00000002     
                  0000fff6    00000002     rts430_eabi.lib : int11.obj (.int11)

.int12     0    0000fff8    00000002     
                  0000fff8    00000002     rts430_eabi.lib : int12.obj (.int12)

.int13     0    0000fffa    00000002     
                  0000fffa    00000002     rts430_eabi.lib : int13.obj (.int13)

.int14     0    0000fffc    00000002     
                  0000fffc    00000002     rts430_eabi.lib : int14.obj (.int14)

.reset     0    0000fffe    00000002     
                  0000fffe    00000002     rts430_eabi.lib : boot.obj (.reset)

MODULE SUMMARY

       Module                 code   ro data   rw data
       ------                 ----   -------   -------
    .\
       main.obj               1264   0         21     
       ADC12.obj              106    0         0      
       hardware_TMR_149.obj   84     0         0      
       WDT.obj                54     2         4      
       BCM.obj                40     0         0      
       TMR0_B7.obj            34     0         0      
    +--+----------------------+------+---------+---------+
       Total:                 1582   2         25     
                                                      
    C:\ti\ccsv6\tools\compiler\msp430_15.12.3.LTS\lib\rts430_eabi.lib
       autoinit.obj           110    0         0      
       cpy_tbl.obj            90     0         0      
       div32u.obj             88     0         0      
       mult32_hw.obj          46     0         0      
       asr16.obj              44     0         0      
       lsl16.obj              44     0         0      
       boot_special.obj       26     0         0      
       copy_zero_init.obj     20     0         0      
       mult16_hw.obj          20     0         0      
       memcpy.obj             18     0         0      
       epilog.obj             16     0         0      
       isr_trap.obj           8      0         0      
       exit.obj               6      0         0      
       pre_init.obj           4      0         0      
       boot.obj               0      2         0      
       int00.obj              0      2         0      
       int01.obj              0      2         0      
       int02.obj              0      2         0      
       int03.obj              0      2         0      
       int04.obj              0      2         0      
       int05.obj              0      2         0      
       int06.obj              0      2         0      
       int07.obj              0      2         0      
       int08.obj              0      2         0      
       int09.obj              0      2         0      
       int11.obj              0      2         0      
       int12.obj              0      2         0      
       int13.obj              0      2         0      
       int14.obj              0      2         0      
       startup.obj            2      0         0      
    +--+----------------------+------+---------+---------+
       Total:                 542    30        0      
                                                      
       Stack:                 0      0         80     
       Linker Generated:      0      10        0      
    +--+----------------------+------+---------+---------+
       Grand Total:           2124   42        105    


LINKER GENERATED COPY TABLES

__TI_cinit_table @ 00001952 records: 1, size/record: 4, table size: 4
	.bss: load addr=0000194c, load size=00000004 bytes, run addr=00000200, run size=00000019 bytes, compression=zero_init


LINKER GENERATED HANDLER TABLE

__TI_handler_table @ 00001950 records: 1, size/record: 2, table size: 2
	index: 0, handler: __TI_zero_init


GLOBAL SYMBOLS: SORTED ALPHABETICALLY BY Name 

address   name                      
-------   ----                      
000001a0  ADC12CTL0                 
000001a2  ADC12CTL1                 
000001a6  ADC12IE                   
000001a4  ADC12IFG                  
000001a8  ADC12IV                   
00000080  ADC12MCTL0                
00000081  ADC12MCTL1                
0000008a  ADC12MCTL10               
0000008b  ADC12MCTL11               
0000008c  ADC12MCTL12               
0000008d  ADC12MCTL13               
0000008e  ADC12MCTL14               
0000008f  ADC12MCTL15               
00000082  ADC12MCTL2                
00000083  ADC12MCTL3                
00000084  ADC12MCTL4                
00000085  ADC12MCTL5                
00000086  ADC12MCTL6                
00000087  ADC12MCTL7                
00000088  ADC12MCTL8                
00000089  ADC12MCTL9                
00000140  ADC12MEM0                 
00000142  ADC12MEM1                 
00000154  ADC12MEM10                
00000156  ADC12MEM11                
00000158  ADC12MEM12                
0000015a  ADC12MEM13                
0000015c  ADC12MEM14                
0000015e  ADC12MEM15                
00000144  ADC12MEM2                 
00000146  ADC12MEM3                 
00000148  ADC12MEM4                 
0000014a  ADC12MEM5                 
0000014c  ADC12MEM6                 
0000014e  ADC12MEM7                 
00000150  ADC12MEM8                 
00000152  ADC12MEM9                 
0000178c  ADC12_Single_Convert      
00001750  ADC12_Single_Init         
00001840  BCM_Init                  
00000057  BCSCTL1                   
00000058  BCSCTL2                   
00001940  C$$EXIT                   
00000059  CACTL1                    
0000005a  CACTL2                    
0000005b  CAPD                      
00000056  DCOCTL                    
00001100  Evaluate_Active_Submodules
00001304  Exec_Submodule_CMD        
00000128  FCTL1                     
0000012a  FCTL2                     
0000012c  FCTL3                     
000015c0  Get_Config_Switch         
000016d0  Get_Submodule_CMD         
00001710  Hardware_Init             
00000000  IE1                       
00000001  IE2                       
00000002  IFG1                      
00000003  IFG2                      
00000134  MAC                       
00000136  MACS                      
00000004  ME1                       
00000005  ME2                       
00000130  MPY                       
00000132  MPYS                      
000018da  Motor_Init                
00000138  OP2                       
00000022  P1DIR                     
00000025  P1IE                      
00000024  P1IES                     
00000023  P1IFG                     
00000020  P1IN                      
00000021  P1OUT                     
00000026  P1SEL                     
0000002a  P2DIR                     
0000002d  P2IE                      
0000002c  P2IES                     
0000002b  P2IFG                     
00000028  P2IN                      
00000029  P2OUT                     
0000002e  P2SEL                     
0000001a  P3DIR                     
00000018  P3IN                      
00000019  P3OUT                     
0000001b  P3SEL                     
0000001e  P4DIR                     
0000001c  P4IN                      
0000001d  P4OUT                     
0000001f  P4SEL                     
00000032  P5DIR                     
00000030  P5IN                      
00000031  P5OUT                     
00000033  P5SEL                     
00000036  P6DIR                     
00000034  P6IN                      
00000035  P6OUT                     
00000037  P6SEL                     
0000013c  RESHI                     
0000013a  RESLO                     
0000020e  SM1_cmd                   
0000020f  SM2_cmd                   
00000210  SM3_cmd                   
0000013e  SUMEXT                    
00000172  TACCR0                    
00000174  TACCR1                    
00000176  TACCR2                    
00000162  TACCTL0                   
00000164  TACCTL1                   
00000166  TACCTL2                   
00000160  TACTL                     
0000012e  TAIV                      
00000170  TAR                       
00000192  TBCCR0                    
00000194  TBCCR1                    
00000196  TBCCR2                    
00000198  TBCCR3                    
0000019a  TBCCR4                    
0000019c  TBCCR5                    
0000019e  TBCCR6                    
00000182  TBCCTL0                   
00000184  TBCCTL1                   
00000186  TBCCTL2                   
00000188  TBCCTL3                   
0000018a  TBCCTL4                   
0000018c  TBCCTL5                   
0000018e  TBCCTL6                   
00000180  TBCTL                     
0000011e  TBIV                      
00000190  TBR                       
00001868  TMR0_B7_PWM_Init          
00000211  TMR_active                
00000212  TMR_configured            
00000213  TMR_diff_mask             
00000074  U0BR0                     
00000075  U0BR1                     
00000070  U0CTL                     
00000073  U0MCTL                    
00000072  U0RCTL                    
00000076  U0RXBUF                   
00000071  U0TCTL                    
00000077  U0TXBUF                   
0000007c  U1BR0                     
0000007d  U1BR1                     
00000078  U1CTL                     
0000007b  U1MCTL                    
0000007a  U1RCTL                    
0000007e  U1RXBUF                   
00000079  U1TCTL                    
0000007f  U1TXBUF                   
00000200  VCC_voltage               
00000120  WDTCTL                    
0000188a  WDT_ISR                   
000018c2  WDT_Set_Timer             
00000a00  __STACK_END               
00000050  __STACK_SIZE              
UNDEFED   __TI_BINIT_Base           
UNDEFED   __TI_BINIT_Limit          
00001952  __TI_CINIT_Base           
00001956  __TI_CINIT_Limit          
00001950  __TI_Handler_Table_Base   
00001952  __TI_Handler_Table_Limit  
UNDEFED   __TI_INITARRAY_Base       
UNDEFED   __TI_INITARRAY_Limit      
00001938  __TI_ISR_TRAP             
0000ffe0  __TI_int00                
0000ffe2  __TI_int01                
0000ffe4  __TI_int02                
0000ffe6  __TI_int03                
0000ffe8  __TI_int04                
0000ffea  __TI_int05                
0000ffec  __TI_int06                
0000ffee  __TI_int07                
0000fff0  __TI_int08                
0000fff2  __TI_int09                
0000fff4  __TI_int10                
0000fff6  __TI_int11                
0000fff8  __TI_int12                
0000fffa  __TI_int13                
0000fffc  __TI_int14                
ffffffff  __TI_pprof_out_hndl       
ffffffff  __TI_prof_data_size       
ffffffff  __TI_prof_data_start      
000018ee  __TI_zero_init            
ffffffff  __c_args__                
00001678  __mspabi_divul            
00001934  __mspabi_func_epilog_1    
00001932  __mspabi_func_epilog_2    
00001930  __mspabi_func_epilog_3    
0000192e  __mspabi_func_epilog_4    
0000192c  __mspabi_func_epilog_5    
0000192a  __mspabi_func_epilog_6    
00001928  __mspabi_func_epilog_7    
00001902  __mspabi_mpyi_hw          
000017ba  __mspabi_mpyl_hw          
00001678  __mspabi_remul            
00001814  __mspabi_slli             
0000183c  __mspabi_slli_1           
0000182a  __mspabi_slli_10          
00001828  __mspabi_slli_11          
00001826  __mspabi_slli_12          
00001824  __mspabi_slli_13          
00001822  __mspabi_slli_14          
00001820  __mspabi_slli_15          
0000183a  __mspabi_slli_2           
00001838  __mspabi_slli_3           
00001836  __mspabi_slli_4           
00001834  __mspabi_slli_5           
00001832  __mspabi_slli_6           
00001830  __mspabi_slli_7           
0000182e  __mspabi_slli_8           
0000182c  __mspabi_slli_9           
000017e8  __mspabi_srai             
00001810  __mspabi_srai_1           
000017fe  __mspabi_srai_10          
000017fc  __mspabi_srai_11          
000017fa  __mspabi_srai_12          
000017f8  __mspabi_srai_13          
000017f6  __mspabi_srai_14          
000017f4  __mspabi_srai_15          
0000180e  __mspabi_srai_2           
0000180c  __mspabi_srai_3           
0000180a  __mspabi_srai_4           
00001808  __mspabi_srai_5           
00001806  __mspabi_srai_6           
00001804  __mspabi_srai_7           
00001802  __mspabi_srai_8           
00001800  __mspabi_srai_9           
00001552  _auto_init                
000018a8  _c_int00_noargs_noexit    
0000fffe  _reset_vector             
000009b0  _stack                    
0000194a  _system_post_cinit        
00001946  _system_pre_init          
00001940  abort                     
00000214  active_cmd                
0000161e  copy_in                   
00000202  dif12_count               
00000204  dif13_count               
00000206  dif23_count               
00000215  diff_state                
00000208  diff_timer                
00000216  lock_state                
00001478  main                      
00001916  memcpy                    
0000020a  sec1_counter              
00000217  sec1_tick                 
00000218  timer_tick                
0000020c  wdt_counter               


GLOBAL SYMBOLS: SORTED BY Symbol Address 

address   name                      
-------   ----                      
00000000  IE1                       
00000001  IE2                       
00000002  IFG1                      
00000003  IFG2                      
00000004  ME1                       
00000005  ME2                       
00000018  P3IN                      
00000019  P3OUT                     
0000001a  P3DIR                     
0000001b  P3SEL                     
0000001c  P4IN                      
0000001d  P4OUT                     
0000001e  P4DIR                     
0000001f  P4SEL                     
00000020  P1IN                      
00000021  P1OUT                     
00000022  P1DIR                     
00000023  P1IFG                     
00000024  P1IES                     
00000025  P1IE                      
00000026  P1SEL                     
00000028  P2IN                      
00000029  P2OUT                     
0000002a  P2DIR                     
0000002b  P2IFG                     
0000002c  P2IES                     
0000002d  P2IE                      
0000002e  P2SEL                     
00000030  P5IN                      
00000031  P5OUT                     
00000032  P5DIR                     
00000033  P5SEL                     
00000034  P6IN                      
00000035  P6OUT                     
00000036  P6DIR                     
00000037  P6SEL                     
00000050  __STACK_SIZE              
00000056  DCOCTL                    
00000057  BCSCTL1                   
00000058  BCSCTL2                   
00000059  CACTL1                    
0000005a  CACTL2                    
0000005b  CAPD                      
00000070  U0CTL                     
00000071  U0TCTL                    
00000072  U0RCTL                    
00000073  U0MCTL                    
00000074  U0BR0                     
00000075  U0BR1                     
00000076  U0RXBUF                   
00000077  U0TXBUF                   
00000078  U1CTL                     
00000079  U1TCTL                    
0000007a  U1RCTL                    
0000007b  U1MCTL                    
0000007c  U1BR0                     
0000007d  U1BR1                     
0000007e  U1RXBUF                   
0000007f  U1TXBUF                   
00000080  ADC12MCTL0                
00000081  ADC12MCTL1                
00000082  ADC12MCTL2                
00000083  ADC12MCTL3                
00000084  ADC12MCTL4                
00000085  ADC12MCTL5                
00000086  ADC12MCTL6                
00000087  ADC12MCTL7                
00000088  ADC12MCTL8                
00000089  ADC12MCTL9                
0000008a  ADC12MCTL10               
0000008b  ADC12MCTL11               
0000008c  ADC12MCTL12               
0000008d  ADC12MCTL13               
0000008e  ADC12MCTL14               
0000008f  ADC12MCTL15               
0000011e  TBIV                      
00000120  WDTCTL                    
00000128  FCTL1                     
0000012a  FCTL2                     
0000012c  FCTL3                     
0000012e  TAIV                      
00000130  MPY                       
00000132  MPYS                      
00000134  MAC                       
00000136  MACS                      
00000138  OP2                       
0000013a  RESLO                     
0000013c  RESHI                     
0000013e  SUMEXT                    
00000140  ADC12MEM0                 
00000142  ADC12MEM1                 
00000144  ADC12MEM2                 
00000146  ADC12MEM3                 
00000148  ADC12MEM4                 
0000014a  ADC12MEM5                 
0000014c  ADC12MEM6                 
0000014e  ADC12MEM7                 
00000150  ADC12MEM8                 
00000152  ADC12MEM9                 
00000154  ADC12MEM10                
00000156  ADC12MEM11                
00000158  ADC12MEM12                
0000015a  ADC12MEM13                
0000015c  ADC12MEM14                
0000015e  ADC12MEM15                
00000160  TACTL                     
00000162  TACCTL0                   
00000164  TACCTL1                   
00000166  TACCTL2                   
00000170  TAR                       
00000172  TACCR0                    
00000174  TACCR1                    
00000176  TACCR2                    
00000180  TBCTL                     
00000182  TBCCTL0                   
00000184  TBCCTL1                   
00000186  TBCCTL2                   
00000188  TBCCTL3                   
0000018a  TBCCTL4                   
0000018c  TBCCTL5                   
0000018e  TBCCTL6                   
00000190  TBR                       
00000192  TBCCR0                    
00000194  TBCCR1                    
00000196  TBCCR2                    
00000198  TBCCR3                    
0000019a  TBCCR4                    
0000019c  TBCCR5                    
0000019e  TBCCR6                    
000001a0  ADC12CTL0                 
000001a2  ADC12CTL1                 
000001a4  ADC12IFG                  
000001a6  ADC12IE                   
000001a8  ADC12IV                   
00000200  VCC_voltage               
00000202  dif12_count               
00000204  dif13_count               
00000206  dif23_count               
00000208  diff_timer                
0000020a  sec1_counter              
0000020c  wdt_counter               
0000020e  SM1_cmd                   
0000020f  SM2_cmd                   
00000210  SM3_cmd                   
00000211  TMR_active                
00000212  TMR_configured            
00000213  TMR_diff_mask             
00000214  active_cmd                
00000215  diff_state                
00000216  lock_state                
00000217  sec1_tick                 
00000218  timer_tick                
000009b0  _stack                    
00000a00  __STACK_END               
00001100  Evaluate_Active_Submodules
00001304  Exec_Submodule_CMD        
00001478  main                      
00001552  _auto_init                
000015c0  Get_Config_Switch         
0000161e  copy_in                   
00001678  __mspabi_divul            
00001678  __mspabi_remul            
000016d0  Get_Submodule_CMD         
00001710  Hardware_Init             
00001750  ADC12_Single_Init         
0000178c  ADC12_Single_Convert      
000017ba  __mspabi_mpyl_hw          
000017e8  __mspabi_srai             
000017f4  __mspabi_srai_15          
000017f6  __mspabi_srai_14          
000017f8  __mspabi_srai_13          
000017fa  __mspabi_srai_12          
000017fc  __mspabi_srai_11          
000017fe  __mspabi_srai_10          
00001800  __mspabi_srai_9           
00001802  __mspabi_srai_8           
00001804  __mspabi_srai_7           
00001806  __mspabi_srai_6           
00001808  __mspabi_srai_5           
0000180a  __mspabi_srai_4           
0000180c  __mspabi_srai_3           
0000180e  __mspabi_srai_2           
00001810  __mspabi_srai_1           
00001814  __mspabi_slli             
00001820  __mspabi_slli_15          
00001822  __mspabi_slli_14          
00001824  __mspabi_slli_13          
00001826  __mspabi_slli_12          
00001828  __mspabi_slli_11          
0000182a  __mspabi_slli_10          
0000182c  __mspabi_slli_9           
0000182e  __mspabi_slli_8           
00001830  __mspabi_slli_7           
00001832  __mspabi_slli_6           
00001834  __mspabi_slli_5           
00001836  __mspabi_slli_4           
00001838  __mspabi_slli_3           
0000183a  __mspabi_slli_2           
0000183c  __mspabi_slli_1           
00001840  BCM_Init                  
00001868  TMR0_B7_PWM_Init          
0000188a  WDT_ISR                   
000018a8  _c_int00_noargs_noexit    
000018c2  WDT_Set_Timer             
000018da  Motor_Init                
000018ee  __TI_zero_init            
00001902  __mspabi_mpyi_hw          
00001916  memcpy                    
00001928  __mspabi_func_epilog_7    
0000192a  __mspabi_func_epilog_6    
0000192c  __mspabi_func_epilog_5    
0000192e  __mspabi_func_epilog_4    
00001930  __mspabi_func_epilog_3    
00001932  __mspabi_func_epilog_2    
00001934  __mspabi_func_epilog_1    
00001938  __TI_ISR_TRAP             
00001940  C$$EXIT                   
00001940  abort                     
00001946  _system_pre_init          
0000194a  _system_post_cinit        
00001950  __TI_Handler_Table_Base   
00001952  __TI_CINIT_Base           
00001952  __TI_Handler_Table_Limit  
00001956  __TI_CINIT_Limit          
0000ffe0  __TI_int00                
0000ffe2  __TI_int01                
0000ffe4  __TI_int02                
0000ffe6  __TI_int03                
0000ffe8  __TI_int04                
0000ffea  __TI_int05                
0000ffec  __TI_int06                
0000ffee  __TI_int07                
0000fff0  __TI_int08                
0000fff2  __TI_int09                
0000fff4  __TI_int10                
0000fff6  __TI_int11                
0000fff8  __TI_int12                
0000fffa  __TI_int13                
0000fffc  __TI_int14                
0000fffe  _reset_vector             
ffffffff  __TI_pprof_out_hndl       
ffffffff  __TI_prof_data_size       
ffffffff  __TI_prof_data_start      
ffffffff  __c_args__                
UNDEFED   __TI_BINIT_Base           
UNDEFED   __TI_BINIT_Limit          
UNDEFED   __TI_INITARRAY_Base       
UNDEFED   __TI_INITARRAY_Limit      

[248 symbols]
