******************************************************************************
                  MSP430 Linker PC v15.12.3                    
******************************************************************************
>> Linked Tue Jan 30 13:20:15 2018

OUTPUT FILE NAME:   <MSP430_TMR_Submodule_01.out>
ENTRY POINT SYMBOL: "_c_int00_noargs_noexit"  address: 0000e3ce


MEMORY CONFIGURATION

         name            origin    length      used     unused   attr    fill
----------------------  --------  ---------  --------  --------  ----  --------
  SFR                   00000000   00000010  00000000  00000010  RWIX
  PERIPHERALS_8BIT      00000010   000000f0  00000000  000000f0  RWIX
  PERIPHERALS_16BIT     00000100   00000100  00000000  00000100  RWIX
  RAM                   00000200   00000100  0000006b  00000095  RWIX
  INFOD                 00001000   00000040  00000000  00000040  RWIX
  INFOC                 00001040   00000040  00000000  00000040  RWIX
  INFOB                 00001080   00000040  00000000  00000040  RWIX
  INFOA                 000010c0   00000040  00000000  00000040  RWIX
  FLASH                 0000e000   00001fe0  00000491  00001b4f  RWIX
  INT00                 0000ffe0   00000002  00000002  00000000  RWIX
  INT01                 0000ffe2   00000002  00000002  00000000  RWIX
  INT02                 0000ffe4   00000002  00000002  00000000  RWIX
  INT03                 0000ffe6   00000002  00000002  00000000  RWIX
  INT04                 0000ffe8   00000002  00000002  00000000  RWIX
  INT05                 0000ffea   00000002  00000002  00000000  RWIX
  INT06                 0000ffec   00000002  00000002  00000000  RWIX
  INT07                 0000ffee   00000002  00000002  00000000  RWIX
  INT08                 0000fff0   00000002  00000002  00000000  RWIX
  INT09                 0000fff2   00000002  00000002  00000000  RWIX
  INT10                 0000fff4   00000002  00000002  00000000  RWIX
  INT11                 0000fff6   00000002  00000002  00000000  RWIX
  INT12                 0000fff8   00000002  00000002  00000000  RWIX
  INT13                 0000fffa   00000002  00000002  00000000  RWIX
  INT14                 0000fffc   00000002  00000002  00000000  RWIX
  RESET                 0000fffe   00000002  00000002  00000000  RWIX


SECTION ALLOCATION MAP

 output                                  attributes/
section   page    origin      length       input sections
--------  ----  ----------  ----------   ----------------
.bss       0    00000200    0000001b     UNINITIALIZED
                  00000200    00000006     (.common:sensor_voltage)
                  00000206    00000002     (.common:sec1_counter)
                  00000208    00000002     (.common:touch_accu)
                  0000020a    00000002     (.common:touch_limit)
                  0000020c    00000002     (.common:touch_limit2)
                  0000020e    00000002     (.common:touch_value)
                  00000210    00000002     (.common:wdt_counter)
                  00000212    00000001     (.common:cout_x)
                  00000213    00000001     (.common:destroy_mask)
                  00000214    00000001     (.common:init_counter)
                  00000215    00000001     (.common:sec1_tick)
                  00000216    00000001     (.common:sensor)
                  00000217    00000001     (.common:sensor_x)
                  00000218    00000001     (.common:sync_flag)
                  00000219    00000001     (.common:timer_tick)
                  0000021a    00000001     (.common:touch_flag)

.stack     0    000002b0    00000050     UNINITIALIZED
                  000002b0    00000002     rts430_eabi.lib : boot.obj (.stack)
                  000002b2    0000004e     --HOLE--

.text      0    0000e000    00000484     
                  0000e000    0000020c     main.obj (.text:main)
                  0000e20c    0000006e     rts430_eabi.lib : autoinit.obj (.text:_auto_init)
                  0000e27a    0000005a                     : cpy_tbl.obj (.text:copy_in)
                  0000e2d4    0000004c                     : lsr16.obj (.text)
                  0000e320    0000003c     hardware.obj (.text:Hardware_Init)
                  0000e35c    00000034     ADC10.obj (.text:ADC10_Start_Scan)
                  0000e390    00000020     BCM.obj (.text:BCM_Init)
                  0000e3b0    0000001e     WDT.obj (.text:WDT_ISR)
                  0000e3ce    0000001a     rts430_eabi.lib : boot_special.obj (.text:_c_int00_noargs_noexit)
                  0000e3e8    00000018     WDT.obj (.text:WDT_Set_Timer)
                  0000e400    00000014     rts430_eabi.lib : copy_zero_init.obj (.text:decompress:ZI:__TI_zero_init)
                  0000e414    00000014                     : mult16.obj (.text)
                  0000e428    00000012                     : memcpy.obj (.text:memcpy)
                  0000e43a    00000010     TMR0_A3.obj (.text:TMR0_A3_Count_Osc)
                  0000e44a    00000010     rts430_eabi.lib : epilog.obj (.text)
                  0000e45a    0000000c     hardware.obj (.text:CIN_isr)
                  0000e466    0000000a     Port_P2.obj (.text:P2_Set_Osc)
                  0000e470    00000008     rts430_eabi.lib : isr_trap.obj (.text:_isr:__TI_ISR_TRAP)
                  0000e478    00000006                     : exit.obj (.text:abort)
                  0000e47e    00000004                     : pre_init.obj (.text:_system_pre_init)
                  0000e482    00000002                     : startup.obj (.text:_system_post_cinit)

.const     0    0000e484    00000003     
                  0000e484    00000003     main.obj (.const:.string:sensor_mask)

.cinit     0    0000e488    0000000a     
                  0000e488    00000004     (.cinit..bss.load) [load image, compression = zero_init]
                  0000e48c    00000002     (__TI_handler_table)
                  0000e48e    00000004     (__TI_cinit_table)

.int00     0    0000ffe0    00000002     
                  0000ffe0    00000002     rts430_eabi.lib : int00.obj (.int00)

.int01     0    0000ffe2    00000002     
                  0000ffe2    00000002     rts430_eabi.lib : int01.obj (.int01)

.int02     0    0000ffe4    00000002     
                  0000ffe4    00000002     rts430_eabi.lib : int02.obj (.int02)

.int03     0    0000ffe6    00000002     
                  0000ffe6    00000002     hardware.obj (.int03)

.int04     0    0000ffe8    00000002     
                  0000ffe8    00000002     rts430_eabi.lib : int04.obj (.int04)

.int05     0    0000ffea    00000002     
                  0000ffea    00000002     rts430_eabi.lib : int05.obj (.int05)

.int06     0    0000ffec    00000002     
                  0000ffec    00000002     rts430_eabi.lib : int06.obj (.int06)

.int07     0    0000ffee    00000002     
                  0000ffee    00000002     rts430_eabi.lib : int07.obj (.int07)

.int08     0    0000fff0    00000002     
                  0000fff0    00000002     rts430_eabi.lib : int08.obj (.int08)

.int09     0    0000fff2    00000002     
                  0000fff2    00000002     rts430_eabi.lib : int09.obj (.int09)

.int10     0    0000fff4    00000002     
                  0000fff4    00000002     WDT.obj (.int10)

.int11     0    0000fff6    00000002     
                  0000fff6    00000002     rts430_eabi.lib : int11.obj (.int11)

.int12     0    0000fff8    00000002     
                  0000fff8    00000002     rts430_eabi.lib : int12.obj (.int12)

.int13     0    0000fffa    00000002     
                  0000fffa    00000002     rts430_eabi.lib : int13.obj (.int13)

.int14     0    0000fffc    00000002     
                  0000fffc    00000002     rts430_eabi.lib : int14.obj (.int14)

.reset     0    0000fffe    00000002     
                  0000fffe    00000002     rts430_eabi.lib : boot.obj (.reset)

MODULE SUMMARY

       Module               code   ro data   rw data
       ------               ----   -------   -------
    .\
       main.obj             524    3         23     
       hardware.obj         72     2         0      
       WDT.obj              54     2         4      
       ADC10.obj            52     0         0      
       BCM.obj              32     0         0      
       TMR0_A3.obj          16     0         0      
       Port_P2.obj          10     0         0      
    +--+--------------------+------+---------+---------+
       Total:               760    7         27     
                                                    
    C:\ti\ccsv6\tools\compiler\msp430_15.12.3.LTS\lib\rts430_eabi.lib
       autoinit.obj         110    0         0      
       cpy_tbl.obj          90     0         0      
       lsr16.obj            76     0         0      
       boot_special.obj     26     0         0      
       copy_zero_init.obj   20     0         0      
       mult16.obj           20     0         0      
       memcpy.obj           18     0         0      
       epilog.obj           16     0         0      
       isr_trap.obj         8      0         0      
       exit.obj             6      0         0      
       pre_init.obj         4      0         0      
       boot.obj             0      2         0      
       int00.obj            0      2         0      
       int01.obj            0      2         0      
       int02.obj            0      2         0      
       int04.obj            0      2         0      
       int05.obj            0      2         0      
       int06.obj            0      2         0      
       int07.obj            0      2         0      
       int08.obj            0      2         0      
       int09.obj            0      2         0      
       int11.obj            0      2         0      
       int12.obj            0      2         0      
       int13.obj            0      2         0      
       int14.obj            0      2         0      
       startup.obj          2      0         0      
    +--+--------------------+------+---------+---------+
       Total:               396    28        0      
                                                    
       Stack:               0      0         80     
       Linker Generated:    0      10        0      
    +--+--------------------+------+---------+---------+
       Grand Total:         1156   45        107    


LINKER GENERATED COPY TABLES

__TI_cinit_table @ 0000e48e records: 1, size/record: 4, table size: 4
	.bss: load addr=0000e488, load size=00000004 bytes, run addr=00000200, run size=0000001b bytes, compression=zero_init


LINKER GENERATED HANDLER TABLE

__TI_handler_table @ 0000e48c records: 1, size/record: 2, table size: 2
	index: 0, handler: __TI_zero_init


GLOBAL SYMBOLS: SORTED ALPHABETICALLY BY Name 

address   name                    
-------   ----                    
0000004a  ADC10AE0                
000001b0  ADC10CTL0               
000001b2  ADC10CTL1               
00000048  ADC10DTC0               
00000049  ADC10DTC1               
000001b4  ADC10MEM                
000001bc  ADC10SA                 
0000e35c  ADC10_Start_Scan        
0000e390  BCM_Init                
00000057  BCSCTL1                 
00000058  BCSCTL2                 
00000053  BCSCTL3                 
0000e478  C$$EXIT                 
00000059  CACTL1                  
0000005a  CACTL2                  
000010fb  CALBC1_12MHZ            
000010f9  CALBC1_16MHZ            
000010ff  CALBC1_1MHZ             
000010fd  CALBC1_8MHZ             
000010fa  CALDCO_12MHZ            
000010f8  CALDCO_16MHZ            
000010fe  CALDCO_1MHZ             
000010fc  CALDCO_8MHZ             
0000005b  CAPD                    
0000e45a  CIN_isr                 
00000056  DCOCTL                  
00000128  FCTL1                   
0000012a  FCTL2                   
0000012c  FCTL3                   
0000e320  Hardware_Init           
00000000  IE1                     
00000002  IFG1                    
00000022  P1DIR                   
00000025  P1IE                    
00000024  P1IES                   
00000023  P1IFG                   
00000020  P1IN                    
00000021  P1OUT                   
00000027  P1REN                   
00000026  P1SEL                   
00000041  P1SEL2                  
0000002a  P2DIR                   
0000002d  P2IE                    
0000002c  P2IES                   
0000002b  P2IFG                   
00000028  P2IN                    
00000029  P2OUT                   
0000002f  P2REN                   
0000002e  P2SEL                   
00000042  P2SEL2                  
0000e466  P2_Set_Osc              
00000172  TA0CCR0                 
00000174  TA0CCR1                 
00000176  TA0CCR2                 
00000162  TA0CCTL0                
00000164  TA0CCTL1                
00000166  TA0CCTL2                
00000160  TA0CTL                  
0000012e  TA0IV                   
00000170  TA0R                    
000010db  TLV_ADC10_1_LEN         
000010da  TLV_ADC10_1_TAG         
000010c0  TLV_CHECKSUM            
000010f7  TLV_DCO_30_LEN          
000010f6  TLV_DCO_30_TAG          
0000e43a  TMR0_A3_Count_Osc       
0000007a  USICCTL                 
0000007a  USICKCTL                
0000007b  USICNT                  
00000078  USICTL                  
00000078  USICTL0                 
00000079  USICTL1                 
0000007c  USISR                   
0000007d  USISRH                  
0000007c  USISRL                  
00000120  WDTCTL                  
0000e3b0  WDT_ISR                 
0000e3e8  WDT_Set_Timer           
00000300  __STACK_END             
00000050  __STACK_SIZE            
UNDEFED   __TI_BINIT_Base         
UNDEFED   __TI_BINIT_Limit        
0000e48e  __TI_CINIT_Base         
0000e492  __TI_CINIT_Limit        
0000e48c  __TI_Handler_Table_Base 
0000e48e  __TI_Handler_Table_Limit
UNDEFED   __TI_INITARRAY_Base     
UNDEFED   __TI_INITARRAY_Limit    
0000e470  __TI_ISR_TRAP           
0000ffe0  __TI_int00              
0000ffe2  __TI_int01              
0000ffe4  __TI_int02              
0000ffe6  __TI_int03              
0000ffe8  __TI_int04              
0000ffea  __TI_int05              
0000ffec  __TI_int06              
0000ffee  __TI_int07              
0000fff0  __TI_int08              
0000fff2  __TI_int09              
0000fff4  __TI_int10              
0000fff6  __TI_int11              
0000fff8  __TI_int12              
0000fffa  __TI_int13              
0000fffc  __TI_int14              
ffffffff  __TI_pprof_out_hndl     
ffffffff  __TI_prof_data_size     
ffffffff  __TI_prof_data_start    
0000e400  __TI_zero_init          
ffffffff  __c_args__              
0000e456  __mspabi_func_epilog_1  
0000e454  __mspabi_func_epilog_2  
0000e452  __mspabi_func_epilog_3  
0000e450  __mspabi_func_epilog_4  
0000e44e  __mspabi_func_epilog_5  
0000e44c  __mspabi_func_epilog_6  
0000e44a  __mspabi_func_epilog_7  
0000e414  __mspabi_mpyi           
0000e414  __mspabi_mpyi_sw        
0000e2d4  __mspabi_srli           
0000e31a  __mspabi_srli_1         
0000e2f6  __mspabi_srli_10        
0000e2f2  __mspabi_srli_11        
0000e2ee  __mspabi_srli_12        
0000e2ea  __mspabi_srli_13        
0000e2e6  __mspabi_srli_14        
0000e2e2  __mspabi_srli_15        
0000e316  __mspabi_srli_2         
0000e312  __mspabi_srli_3         
0000e30e  __mspabi_srli_4         
0000e30a  __mspabi_srli_5         
0000e306  __mspabi_srli_6         
0000e302  __mspabi_srli_7         
0000e2fe  __mspabi_srli_8         
0000e2fa  __mspabi_srli_9         
0000e20c  _auto_init              
0000e3ce  _c_int00_noargs_noexit  
0000fffe  _reset_vector           
000002b0  _stack                  
0000e482  _system_post_cinit      
0000e47e  _system_pre_init        
0000e478  abort                   
0000e27a  copy_in                 
00000212  cout_x                  
00000213  destroy_mask            
00000214  init_counter            
0000e000  main                    
0000e428  memcpy                  
00000206  sec1_counter            
00000215  sec1_tick               
00000216  sensor                  
0000e484  sensor_mask             
00000200  sensor_voltage          
00000217  sensor_x                
00000218  sync_flag               
00000219  timer_tick              
00000208  touch_accu              
0000021a  touch_flag              
0000020a  touch_limit             
0000020c  touch_limit2            
0000020e  touch_value             
00000210  wdt_counter             


GLOBAL SYMBOLS: SORTED BY Symbol Address 

address   name                    
-------   ----                    
00000000  IE1                     
00000002  IFG1                    
00000020  P1IN                    
00000021  P1OUT                   
00000022  P1DIR                   
00000023  P1IFG                   
00000024  P1IES                   
00000025  P1IE                    
00000026  P1SEL                   
00000027  P1REN                   
00000028  P2IN                    
00000029  P2OUT                   
0000002a  P2DIR                   
0000002b  P2IFG                   
0000002c  P2IES                   
0000002d  P2IE                    
0000002e  P2SEL                   
0000002f  P2REN                   
00000041  P1SEL2                  
00000042  P2SEL2                  
00000048  ADC10DTC0               
00000049  ADC10DTC1               
0000004a  ADC10AE0                
00000050  __STACK_SIZE            
00000053  BCSCTL3                 
00000056  DCOCTL                  
00000057  BCSCTL1                 
00000058  BCSCTL2                 
00000059  CACTL1                  
0000005a  CACTL2                  
0000005b  CAPD                    
00000078  USICTL                  
00000078  USICTL0                 
00000079  USICTL1                 
0000007a  USICCTL                 
0000007a  USICKCTL                
0000007b  USICNT                  
0000007c  USISR                   
0000007c  USISRL                  
0000007d  USISRH                  
00000120  WDTCTL                  
00000128  FCTL1                   
0000012a  FCTL2                   
0000012c  FCTL3                   
0000012e  TA0IV                   
00000160  TA0CTL                  
00000162  TA0CCTL0                
00000164  TA0CCTL1                
00000166  TA0CCTL2                
00000170  TA0R                    
00000172  TA0CCR0                 
00000174  TA0CCR1                 
00000176  TA0CCR2                 
000001b0  ADC10CTL0               
000001b2  ADC10CTL1               
000001b4  ADC10MEM                
000001bc  ADC10SA                 
00000200  sensor_voltage          
00000206  sec1_counter            
00000208  touch_accu              
0000020a  touch_limit             
0000020c  touch_limit2            
0000020e  touch_value             
00000210  wdt_counter             
00000212  cout_x                  
00000213  destroy_mask            
00000214  init_counter            
00000215  sec1_tick               
00000216  sensor                  
00000217  sensor_x                
00000218  sync_flag               
00000219  timer_tick              
0000021a  touch_flag              
000002b0  _stack                  
00000300  __STACK_END             
000010c0  TLV_CHECKSUM            
000010da  TLV_ADC10_1_TAG         
000010db  TLV_ADC10_1_LEN         
000010f6  TLV_DCO_30_TAG          
000010f7  TLV_DCO_30_LEN          
000010f8  CALDCO_16MHZ            
000010f9  CALBC1_16MHZ            
000010fa  CALDCO_12MHZ            
000010fb  CALBC1_12MHZ            
000010fc  CALDCO_8MHZ             
000010fd  CALBC1_8MHZ             
000010fe  CALDCO_1MHZ             
000010ff  CALBC1_1MHZ             
0000e000  main                    
0000e20c  _auto_init              
0000e27a  copy_in                 
0000e2d4  __mspabi_srli           
0000e2e2  __mspabi_srli_15        
0000e2e6  __mspabi_srli_14        
0000e2ea  __mspabi_srli_13        
0000e2ee  __mspabi_srli_12        
0000e2f2  __mspabi_srli_11        
0000e2f6  __mspabi_srli_10        
0000e2fa  __mspabi_srli_9         
0000e2fe  __mspabi_srli_8         
0000e302  __mspabi_srli_7         
0000e306  __mspabi_srli_6         
0000e30a  __mspabi_srli_5         
0000e30e  __mspabi_srli_4         
0000e312  __mspabi_srli_3         
0000e316  __mspabi_srli_2         
0000e31a  __mspabi_srli_1         
0000e320  Hardware_Init           
0000e35c  ADC10_Start_Scan        
0000e390  BCM_Init                
0000e3b0  WDT_ISR                 
0000e3ce  _c_int00_noargs_noexit  
0000e3e8  WDT_Set_Timer           
0000e400  __TI_zero_init          
0000e414  __mspabi_mpyi           
0000e414  __mspabi_mpyi_sw        
0000e428  memcpy                  
0000e43a  TMR0_A3_Count_Osc       
0000e44a  __mspabi_func_epilog_7  
0000e44c  __mspabi_func_epilog_6  
0000e44e  __mspabi_func_epilog_5  
0000e450  __mspabi_func_epilog_4  
0000e452  __mspabi_func_epilog_3  
0000e454  __mspabi_func_epilog_2  
0000e456  __mspabi_func_epilog_1  
0000e45a  CIN_isr                 
0000e466  P2_Set_Osc              
0000e470  __TI_ISR_TRAP           
0000e478  C$$EXIT                 
0000e478  abort                   
0000e47e  _system_pre_init        
0000e482  _system_post_cinit      
0000e484  sensor_mask             
0000e48c  __TI_Handler_Table_Base 
0000e48e  __TI_CINIT_Base         
0000e48e  __TI_Handler_Table_Limit
0000e492  __TI_CINIT_Limit        
0000ffe0  __TI_int00              
0000ffe2  __TI_int01              
0000ffe4  __TI_int02              
0000ffe6  __TI_int03              
0000ffe8  __TI_int04              
0000ffea  __TI_int05              
0000ffec  __TI_int06              
0000ffee  __TI_int07              
0000fff0  __TI_int08              
0000fff2  __TI_int09              
0000fff4  __TI_int10              
0000fff6  __TI_int11              
0000fff8  __TI_int12              
0000fffa  __TI_int13              
0000fffc  __TI_int14              
0000fffe  _reset_vector           
ffffffff  __TI_pprof_out_hndl     
ffffffff  __TI_prof_data_size     
ffffffff  __TI_prof_data_start    
ffffffff  __c_args__              
UNDEFED   __TI_BINIT_Base         
UNDEFED   __TI_BINIT_Limit        
UNDEFED   __TI_INITARRAY_Base     
UNDEFED   __TI_INITARRAY_Limit    

[161 symbols]
